---
source: crates/djls-project/tests/corpus.rs
expression: snapshot(result)
---
tag_rules:
  "wagtail.images.templatetags.wagtailimages_tags::tag::image_url":
    arg_constraints:
      - Min: 3
      - Max: 4
    required_keywords: []
    choice_at_constraints: []
    known_options: ~
    extracted_args:
      - name: image
        required: true
        kind: Variable
      - name: filter_spec
        required: true
        kind: Variable
      - name: viewname
        required: false
        kind: Variable
    as_var: strip
filter_arities: {}
block_specs: {}
