---
source: crates/djls-project/tests/corpus.rs
expression: "sorted_snapshot(&bundle).expect(\"corpus extraction snapshot should serialize\")"
---
definitions:
  "tag::specialspaceless":
    kind: tag
    has_doc: false
symbols_are_unobserved: false
tag_rules: {}
filter_arities: {}
block_specs:
  "crispy_forms.templatetags.crispy_forms_utils::tag::specialspaceless":
    body_analysis_evidence: not_detected
    end_tag: endspecialspaceless
    intermediates: []
