---
source: crates/djls-project/tests/corpus.rs
expression: snapshot(result)
---
tag_rules:
  "src.sentry.templatetags.sentry_helpers::tag::get_sentry_version":
    arg_constraints:
      - Max: 1
    required_keywords: []
    choice_at_constraints: []
    known_options: ~
    extracted_args: []
    as_var: strip
  "src.sentry.templatetags.sentry_helpers::tag::loading_message":
    arg_constraints:
      - Max: 1
    required_keywords: []
    choice_at_constraints: []
    known_options: ~
    extracted_args: []
    as_var: strip
  "src.sentry.templatetags.sentry_helpers::tag::org_url":
    arg_constraints:
      - Min: 3
      - Max: 5
    required_keywords: []
    choice_at_constraints: []
    known_options: ~
    extracted_args:
      - name: organization
        required: true
        kind: Variable
      - name: path
        required: true
        kind: Variable
      - name: query
        required: false
        kind: Variable
      - name: fragment
        required: false
        kind: Variable
    as_var: strip
  "src.sentry.templatetags.sentry_helpers::tag::percent":
    arg_constraints:
      - Min: 3
      - Max: 4
    required_keywords: []
    choice_at_constraints: []
    known_options: ~
    extracted_args:
      - name: value
        required: true
        kind: Variable
      - name: total
        required: true
        kind: Variable
      - name: format
        required: false
        kind: Variable
    as_var: strip
  "src.sentry.templatetags.sentry_helpers::tag::random_int":
    arg_constraints:
      - Min: 2
      - Max: 3
    required_keywords: []
    choice_at_constraints: []
    known_options: ~
    extracted_args:
      - name: a
        required: true
        kind: Variable
      - name: b
        required: false
        kind: Variable
    as_var: strip
  "src.sentry.templatetags.sentry_helpers::tag::security_contact":
    arg_constraints:
      - Max: 1
    required_keywords: []
    choice_at_constraints: []
    known_options: ~
    extracted_args: []
    as_var: strip
  "src.sentry.templatetags.sentry_helpers::tag::serialize":
    arg_constraints:
      - Min: 2
      - Max: 2
    required_keywords: []
    choice_at_constraints: []
    known_options: ~
    extracted_args:
      - name: value
        required: true
        kind: Variable
    as_var: strip
  "src.sentry.templatetags.sentry_helpers::tag::system_origin":
    arg_constraints:
      - Max: 1
    required_keywords: []
    choice_at_constraints: []
    known_options: ~
    extracted_args: []
    as_var: strip
filter_arities:
  "src.sentry.templatetags.sentry_helpers::filter::absolute_value": no_argument
  "src.sentry.templatetags.sentry_helpers::filter::as_sorted": no_argument
  "src.sentry.templatetags.sentry_helpers::filter::as_tag_alias": no_argument
  "src.sentry.templatetags.sentry_helpers::filter::basename": no_argument
  "src.sentry.templatetags.sentry_helpers::filter::date": optional_argument
  "src.sentry.templatetags.sentry_helpers::filter::duration": no_argument
  "src.sentry.templatetags.sentry_helpers::filter::get_item": required_argument
  "src.sentry.templatetags.sentry_helpers::filter::is_url": no_argument
  "src.sentry.templatetags.sentry_helpers::filter::multiply": required_argument
  "src.sentry.templatetags.sentry_helpers::filter::sanitize_periods": no_argument
  "src.sentry.templatetags.sentry_helpers::filter::small_count": optional_argument
  "src.sentry.templatetags.sentry_helpers::filter::soft_break": required_argument
  "src.sentry.templatetags.sentry_helpers::filter::split": optional_argument
  "src.sentry.templatetags.sentry_helpers::filter::timesince": optional_argument
  "src.sentry.templatetags.sentry_helpers::filter::titleize": no_argument
  "src.sentry.templatetags.sentry_helpers::filter::to_json": optional_argument
  "src.sentry.templatetags.sentry_helpers::filter::urlquote": optional_argument
block_specs: {}
