---
source: crates/djls-project/tests/corpus.rs
expression: snapshot(result)
---
tag_rules: {}
filter_arities:
  "markdownify.templatetags.markdownify::filter::markdownify": optional_argument
block_specs:
  "markdownify.templatetags.markdownify::tag::markdownify":
    end_tag: endmarkdownify
    intermediates: []
    opaque: false
