---
source: crates/djls-project/tests/corpus.rs
expression: "sorted_snapshot(&bundle).expect(\"corpus extraction snapshot should serialize\")"
---
tag_rules:
  "netbox.extras.templatetags.custom_links::tag::custom_links":
    arg_constraints:
      - Min: 2
      - Max: 2
    required_keywords: []
    choice_at_constraints: []
    known_options: ~
    argument_syntax:
      Parameters:
        - name: obj
          requirement: required
          kind: Variable
    as_var: strip
filter_arities: {}
block_specs: {}
