---
source: crates/djls-project/tests/corpus.rs
expression: snapshot(result)
---
tag_rules: {}
filter_arities:
  "common.templatetags.util::filter::crmadmin_urlname": required_argument
  "common.templatetags.util::filter::get_url": no_argument
  "common.templatetags.util::filter::param": required_argument
  "common.templatetags.util::filter::priority": no_argument
  "common.templatetags.util::filter::replace_lang": required_argument
  "common.templatetags.util::filter::responsible_list": no_argument
  "common.templatetags.util::filter::stage": no_argument
  "common.templatetags.util::filter::task_completed_button": required_argument
  "common.templatetags.util::filter::verbose_name": no_argument
block_specs: {}
