---
source: crates/djls-project/tests/corpus.rs
expression: "sorted_snapshot(&bundle).expect(\"corpus extraction snapshot should serialize\")"
---
tag_rules:
  "src.pretix.control.templatetags.hierarkey_form::tag::propagated":
    arg_constraints: []
    required_keywords: []
    choice_at_constraints: []
    known_options: ~
    argument_syntax:
      Parameters:
        - name: event
          requirement: required
          kind: Variable
        - name: url
          requirement: required
          kind: Variable
    as_var: keep
filter_arities: {}
block_specs:
  "src.pretix.control.templatetags.hierarkey_form::tag::propagated":
    body_analysis_evidence: not_detected
    end_tag: endpropagated
    intermediates: []
