---
source: crates/djls-project/tests/corpus.rs
expression: snapshot(result)
---
tag_rules:
  "src.sentry.templatetags.sentry_platforms::tag::letter_platform_svg":
    arg_constraints:
      - Min: 3
      - Max: 5
    required_keywords: []
    choice_at_constraints: []
    known_options: ~
    extracted_args:
      - name: display_name
        required: true
        kind: Variable
      - name: identifier
        required: true
        kind: Variable
      - name: size
        required: false
        kind: Variable
      - name: rounded
        required: false
        kind: Variable
    as_var: strip
  "src.sentry.templatetags.sentry_platforms::tag::platform_avatar":
    arg_constraints:
      - Min: 2
      - Max: 3
    required_keywords: []
    choice_at_constraints: []
    known_options: ~
    extracted_args:
      - name: display_name
        required: true
        kind: Variable
      - name: size
        required: false
        kind: Variable
    as_var: strip
filter_arities: {}
block_specs: {}
