---
source: crates/djls-project/tests/corpus.rs
expression: "sorted_snapshot(&bundle).expect(\"corpus extraction snapshot should serialize\")"
---
tag_rules:
  "geonode.base.templatetags.base_tags::tag::display_change_perms_button":
    arg_constraints: []
    required_keywords: []
    choice_at_constraints: []
    known_options: ~
    argument_syntax:
      Signature:
        parameters:
          - name: resource
            requirement: required
            kind: Variable
          - name: user
            requirement: required
            kind: Variable
          - name: perms
            requirement: required
            kind: Variable
        positional_only: 0
        variadic_keyword: ~
    as_var: strip
  "geonode.base.templatetags.base_tags::tag::display_edit_request_button":
    arg_constraints: []
    required_keywords: []
    choice_at_constraints: []
    known_options: ~
    argument_syntax:
      Signature:
        parameters:
          - name: resource
            requirement: required
            kind: Variable
          - name: user
            requirement: required
            kind: Variable
          - name: perms
            requirement: required
            kind: Variable
        positional_only: 0
        variadic_keyword: ~
    as_var: strip
  "geonode.base.templatetags.base_tags::tag::facets":
    arg_constraints: []
    required_keywords: []
    choice_at_constraints: []
    known_options: ~
    argument_syntax:
      Signature:
        parameters: []
        positional_only: 0
        variadic_keyword: ~
    as_var: strip
  "geonode.base.templatetags.base_tags::tag::fullurl":
    arg_constraints: []
    required_keywords: []
    choice_at_constraints: []
    known_options: ~
    argument_syntax:
      Signature:
        parameters:
          - name: url
            requirement: required
            kind: Variable
        positional_only: 0
        variadic_keyword: ~
    as_var: strip
  "geonode.base.templatetags.base_tags::tag::get_context_resourcetype":
    arg_constraints: []
    required_keywords: []
    choice_at_constraints: []
    known_options: ~
    argument_syntax:
      Signature:
        parameters: []
        positional_only: 0
        variadic_keyword: ~
    as_var: strip
  "geonode.base.templatetags.base_tags::tag::get_current_path":
    arg_constraints: []
    required_keywords: []
    choice_at_constraints: []
    known_options: ~
    argument_syntax:
      Signature:
        parameters: []
        positional_only: 0
        variadic_keyword: ~
    as_var: strip
  "geonode.base.templatetags.base_tags::tag::get_menu":
    arg_constraints: []
    required_keywords: []
    choice_at_constraints: []
    known_options: ~
    argument_syntax:
      Signature:
        parameters:
          - name: placeholder_name
            requirement: required
            kind: Variable
        positional_only: 0
        variadic_keyword: ~
    as_var: strip
  "geonode.base.templatetags.base_tags::tag::get_visibile_resources":
    arg_constraints: []
    required_keywords: []
    choice_at_constraints: []
    known_options: ~
    argument_syntax:
      Signature:
        parameters:
          - name: user
            requirement: required
            kind: Variable
        positional_only: 0
        variadic_keyword: ~
    as_var: keep
  "geonode.base.templatetags.base_tags::tag::render_nav_menu":
    arg_constraints: []
    required_keywords: []
    choice_at_constraints: []
    known_options: ~
    argument_syntax:
      Signature:
        parameters:
          - name: placeholder_name
            requirement: required
            kind: Variable
        positional_only: 0
        variadic_keyword: ~
    as_var: keep
filter_arities:
  "geonode.base.templatetags.base_tags::filter::get_item": required_argument
  "geonode.base.templatetags.base_tags::filter::template_trans": no_argument
block_specs: {}
