---
source: crates/djls-project/tests/corpus.rs
expression: "sorted_snapshot(&bundle).expect(\"corpus extraction snapshot should serialize\")"
---
definitions:
  "filter::getattr":
    kind: filter
    has_doc: false
  "filter::hasattr":
    kind: filter
    has_doc: false
  "filter::split":
    kind: filter
    has_doc: false
symbols_are_unobserved: false
tag_rules: {}
filter_arities:
  "src.pretix.control.templatetags.mail_settings_preview::filter::getattr": required_argument
  "src.pretix.control.templatetags.mail_settings_preview::filter::hasattr": required_argument
  "src.pretix.control.templatetags.mail_settings_preview::filter::split": optional_argument
block_specs: {}
