---
source: crates/djls-project/tests/corpus.rs
expression: "sorted_snapshot(&bundle).expect(\"corpus extraction snapshot should serialize\")"
---
definitions:
  "filter::add6days":
    kind: filter
    has_doc: false
  "filter::break_underscore":
    kind: filter
    has_doc: false
  "filter::decode":
    kind: filter
    has_doc: false
  "filter::down_title":
    kind: filter
    has_doc: false
  "filter::first5":
    kind: filter
    has_doc: false
  "filter::format_headers":
    kind: filter
    has_doc: false
  "filter::format_ping_endpoint":
    kind: filter
    has_doc: false
  "filter::guess_schedule":
    kind: filter
    has_doc: false
  "filter::hc_approx_duration":
    kind: filter
    has_doc: false
  "filter::hc_duration":
    kind: filter
    has_doc: false
  "filter::hms":
    kind: filter
    has_doc: false
  "filter::mangle_link":
    kind: filter
    has_doc: false
  "filter::mask_key":
    kind: filter
    has_doc: false
  "filter::mask_phone":
    kind: filter
    has_doc: false
  "filter::mask_ro_key":
    kind: filter
    has_doc: false
  "filter::mask_rw_key":
    kind: filter
    has_doc: false
  "filter::num_down_title":
    kind: filter
    has_doc: false
  "filter::pct":
    kind: filter
    has_doc: false
  "filter::sortbydowntime":
    kind: filter
    has_doc: false
  "filter::sortchecks":
    kind: filter
    has_doc: false
  "filter::timestamp":
    kind: filter
    has_doc: false
  "filter::underline":
    kind: filter
    has_doc: false
  "filter::uppercase_if_down":
    kind: filter
    has_doc: false
  "tag::absolute_site_logo_url":
    kind: tag
    has_doc: false
  "tag::debug_warning":
    kind: tag
    has_doc: false
  "tag::now_isoformat":
    kind: tag
    has_doc: false
  "tag::site_hostname":
    kind: tag
    has_doc: false
  "tag::site_name":
    kind: tag
    has_doc: false
  "tag::site_root":
    kind: tag
    has_doc: false
  "tag::site_version":
    kind: tag
    has_doc: false
  "tag::sort_url":
    kind: tag
    has_doc: false
  "tag::support_email":
    kind: tag
    has_doc: false
symbols_are_unobserved: true
tag_rules:
  "hc.front.templatetags.hc_extras::tag::absolute_site_logo_url":
    arg_constraints: []
    required_keywords: []
    choice_at_constraints: []
    known_options: ~
    argument_syntax:
      Signature:
        parameters: []
        positional_only: 0
        variadic_keyword: ~
    as_var: strip
  "hc.front.templatetags.hc_extras::tag::debug_warning":
    arg_constraints: []
    required_keywords: []
    choice_at_constraints: []
    known_options: ~
    argument_syntax:
      Signature:
        parameters: []
        positional_only: 0
        variadic_keyword: ~
    as_var: strip
  "hc.front.templatetags.hc_extras::tag::now_isoformat":
    arg_constraints: []
    required_keywords: []
    choice_at_constraints: []
    known_options: ~
    argument_syntax:
      Signature:
        parameters: []
        positional_only: 0
        variadic_keyword: ~
    as_var: strip
  "hc.front.templatetags.hc_extras::tag::site_hostname":
    arg_constraints: []
    required_keywords: []
    choice_at_constraints: []
    known_options: ~
    argument_syntax:
      Signature:
        parameters: []
        positional_only: 0
        variadic_keyword: ~
    as_var: strip
  "hc.front.templatetags.hc_extras::tag::site_name":
    arg_constraints: []
    required_keywords: []
    choice_at_constraints: []
    known_options: ~
    argument_syntax:
      Signature:
        parameters: []
        positional_only: 0
        variadic_keyword: ~
    as_var: strip
  "hc.front.templatetags.hc_extras::tag::site_root":
    arg_constraints: []
    required_keywords: []
    choice_at_constraints: []
    known_options: ~
    argument_syntax:
      Signature:
        parameters: []
        positional_only: 0
        variadic_keyword: ~
    as_var: strip
  "hc.front.templatetags.hc_extras::tag::site_version":
    arg_constraints: []
    required_keywords: []
    choice_at_constraints: []
    known_options: ~
    argument_syntax:
      Signature:
        parameters: []
        positional_only: 0
        variadic_keyword: ~
    as_var: strip
  "hc.front.templatetags.hc_extras::tag::sort_url":
    arg_constraints: []
    required_keywords: []
    choice_at_constraints: []
    known_options: ~
    argument_syntax:
      Signature:
        parameters:
          - name: sort
            requirement: required
            kind: Variable
        positional_only: 0
        variadic_keyword: ~
    as_var: strip
  "hc.front.templatetags.hc_extras::tag::support_email":
    arg_constraints: []
    required_keywords: []
    choice_at_constraints: []
    known_options: ~
    argument_syntax:
      Signature:
        parameters: []
        positional_only: 0
        variadic_keyword: ~
    as_var: strip
filter_arities:
  "hc.front.templatetags.hc_extras::filter::add6days": no_argument
  "hc.front.templatetags.hc_extras::filter::break_underscore": no_argument
  "hc.front.templatetags.hc_extras::filter::decode": no_argument
  "hc.front.templatetags.hc_extras::filter::down_title": no_argument
  "hc.front.templatetags.hc_extras::filter::first5": no_argument
  "hc.front.templatetags.hc_extras::filter::format_headers": no_argument
  "hc.front.templatetags.hc_extras::filter::format_ping_endpoint": no_argument
  "hc.front.templatetags.hc_extras::filter::guess_schedule": no_argument
  "hc.front.templatetags.hc_extras::filter::hc_approx_duration": no_argument
  "hc.front.templatetags.hc_extras::filter::hc_duration": no_argument
  "hc.front.templatetags.hc_extras::filter::hms": no_argument
  "hc.front.templatetags.hc_extras::filter::mangle_link": no_argument
  "hc.front.templatetags.hc_extras::filter::mask_key": no_argument
  "hc.front.templatetags.hc_extras::filter::mask_phone": no_argument
  "hc.front.templatetags.hc_extras::filter::mask_ro_key": no_argument
  "hc.front.templatetags.hc_extras::filter::mask_rw_key": no_argument
  "hc.front.templatetags.hc_extras::filter::num_down_title": no_argument
  "hc.front.templatetags.hc_extras::filter::pct": no_argument
  "hc.front.templatetags.hc_extras::filter::sortbydowntime": no_argument
  "hc.front.templatetags.hc_extras::filter::sortchecks": required_argument
  "hc.front.templatetags.hc_extras::filter::timestamp": no_argument
  "hc.front.templatetags.hc_extras::filter::underline": no_argument
  "hc.front.templatetags.hc_extras::filter::uppercase_if_down": no_argument
block_specs: {}
