---
source: crates/djls-project/tests/corpus.rs
expression: "sorted_snapshot(&bundle).expect(\"corpus extraction snapshot should serialize\")"
---
definitions:
  "filter::is_admin":
    kind: filter
    has_doc: false
  "filter::is_member":
    kind: filter
    has_doc: false
  "tag::get_public_projects":
    kind: tag
    has_doc: false
symbols_are_unobserved: false
tag_rules:
  "readthedocs.core.templatetags.privacy_tags::tag::get_public_projects":
    arg_constraints: []
    required_keywords: []
    choice_at_constraints: []
    known_options: ~
    argument_syntax:
      Signature:
        parameters:
          - name: user
            requirement: required
            kind: Variable
        positional_only: 0
        variadic_keyword: ~
    as_var: strip
filter_arities:
  "readthedocs.core.templatetags.privacy_tags::filter::is_admin": required_argument
  "readthedocs.core.templatetags.privacy_tags::filter::is_member": required_argument
block_specs: {}
