---
source: crates/djls-project/tests/corpus.rs
expression: snapshot(result)
---
tag_rules:
  "crispy_forms.templatetags.crispy_forms_field::tag::crispy_addon":
    arg_constraints:
      - Min: 2
      - Max: 5
    required_keywords: []
    choice_at_constraints: []
    known_options: ~
    extracted_args:
      - name: field
        required: true
        kind: Variable
        position: 0
      - name: append
        required: false
        kind: Variable
        position: 1
      - name: prepend
        required: false
        kind: Variable
        position: 2
      - name: form_show_labels
        required: false
        kind: Variable
        position: 3
    as_var: strip
filter_arities:
  "crispy_forms.templatetags.crispy_forms_field::filter::classes": no_argument
  "crispy_forms.templatetags.crispy_forms_field::filter::css_class": no_argument
  "crispy_forms.templatetags.crispy_forms_field::filter::is_checkbox": no_argument
  "crispy_forms.templatetags.crispy_forms_field::filter::is_checkboxselectmultiple": no_argument
  "crispy_forms.templatetags.crispy_forms_field::filter::is_clearable_file": no_argument
  "crispy_forms.templatetags.crispy_forms_field::filter::is_file": no_argument
  "crispy_forms.templatetags.crispy_forms_field::filter::is_multivalue": no_argument
  "crispy_forms.templatetags.crispy_forms_field::filter::is_password": no_argument
  "crispy_forms.templatetags.crispy_forms_field::filter::is_radioselect": no_argument
  "crispy_forms.templatetags.crispy_forms_field::filter::is_select": no_argument
block_specs: {}
