---
source: crates/djls-project/tests/corpus.rs
expression: "sorted_snapshot(&bundle).expect(\"corpus extraction snapshot should serialize\")"
---
definitions:
  "filter::localize":
    kind: filter
    has_doc: false
  "filter::table_page_range":
    kind: filter
    has_doc: false
  "filter::unlocalize":
    kind: filter
    has_doc: false
  "tag::export_url":
    kind: tag
    has_doc: false
  "tag::querystring":
    kind: tag
    has_doc: false
  "tag::render_attrs":
    kind: tag
    has_doc: false
  "tag::render_table":
    kind: tag
    has_doc: false
symbols_are_unobserved: false
tag_rules:
  "django_tables2.templatetags.django_tables2::tag::export_url":
    arg_constraints: []
    required_keywords: []
    choice_at_constraints: []
    known_options: ~
    argument_syntax:
      Signature:
        parameters:
          - name: export_format
            requirement: required
            kind: Variable
          - name: export_trigger_param
            requirement: optional
            kind: Variable
        positional_only: 0
        variadic_keyword: ~
    as_var: strip
  "django_tables2.templatetags.django_tables2::tag::render_attrs":
    arg_constraints: []
    required_keywords: []
    choice_at_constraints: []
    known_options: ~
    argument_syntax:
      Signature:
        parameters:
          - name: attrs
            requirement: required
            kind: Variable
        positional_only: 0
        variadic_keyword: kwargs
    as_var: strip
filter_arities:
  "django_tables2.templatetags.django_tables2::filter::table_page_range": required_argument
block_specs: {}
