---
source: crates/djls-project/tests/corpus.rs
expression: sorted_snapshot(&bundle)?
---
definitions:
  "filter::dotdecimal":
    kind: filter
    has_doc: false
symbols_are_unobserved: false
tag_rules: {}
filter_arities:
  "pretix.plugins.banktransfer.templatetags.dotdecimal::filter::dotdecimal": no_argument
block_specs: {}
