---
source: crates/djls-project/tests/corpus.rs
expression: snapshot(result)
---
tag_rules: {}
filter_arities:
  "grid.templatetags.grid_tags::filter::get_item": required_argument
  "grid.templatetags.grid_tags::filter::hash": required_argument
  "grid.templatetags.grid_tags::filter::multiply": required_argument
  "grid.templatetags.grid_tags::filter::style_element": no_argument
block_specs: {}
