---
source: crates/djls-project/tests/corpus.rs
expression: snapshot(result)
---
tag_rules:
  "avatar.templatetags.avatar_tags::tag::avatar":
    arg_constraints:
      - Min: 2
    required_keywords: []
    choice_at_constraints: []
    known_options: ~
    extracted_args:
      - name: user
        required: true
        kind: Variable
      - name: width
        required: false
        kind: Variable
      - name: height
        required: false
        kind: Variable
    as_var: strip
  "avatar.templatetags.avatar_tags::tag::avatar_url":
    arg_constraints:
      - Min: 2
      - Max: 4
    required_keywords: []
    choice_at_constraints: []
    known_options: ~
    extracted_args:
      - name: user
        required: true
        kind: Variable
      - name: width
        required: false
        kind: Variable
      - name: height
        required: false
        kind: Variable
    as_var: strip
  "avatar.templatetags.avatar_tags::tag::primary_avatar":
    arg_constraints:
      - Min: 2
      - Max: 4
    required_keywords: []
    choice_at_constraints: []
    known_options: ~
    extracted_args:
      - name: user
        required: true
        kind: Variable
      - name: width
        required: false
        kind: Variable
      - name: height
        required: false
        kind: Variable
    as_var: strip
  "avatar.templatetags.avatar_tags::tag::render_avatar":
    arg_constraints:
      - Min: 2
      - Max: 4
    required_keywords: []
    choice_at_constraints: []
    known_options: ~
    extracted_args:
      - name: avatar
        required: true
        kind: Variable
      - name: width
        required: false
        kind: Variable
      - name: height
        required: false
        kind: Variable
    as_var: strip
filter_arities:
  "avatar.templatetags.avatar_tags::filter::has_avatar": no_argument
block_specs: {}
