---
source: crates/djls-project/tests/corpus.rs
expression: "sorted_snapshot(&bundle).expect(\"corpus extraction snapshot should serialize\")"
---
tag_rules:
  "src.backend.InvenTree.plugin.templatetags.plugin_extras::tag::inactive_plugin_list":
    arg_constraints: []
    required_keywords: []
    choice_at_constraints: []
    known_options: ~
    argument_syntax:
      Parameters:
        - name: args
          requirement: optional
          kind: VarArgs
    as_var: strip
  "src.backend.InvenTree.plugin.templatetags.plugin_extras::tag::mixin_available":
    arg_constraints:
      - Min: 2
    required_keywords: []
    choice_at_constraints: []
    known_options: ~
    argument_syntax:
      Parameters:
        - name: mixin
          requirement: required
          kind: Variable
        - name: args
          requirement: optional
          kind: VarArgs
    as_var: strip
  "src.backend.InvenTree.plugin.templatetags.plugin_extras::tag::mixin_enabled":
    arg_constraints:
      - Min: 3
    required_keywords: []
    choice_at_constraints: []
    known_options: ~
    argument_syntax:
      Parameters:
        - name: plugin
          requirement: required
          kind: Variable
        - name: key
          requirement: required
          kind: Variable
        - name: args
          requirement: optional
          kind: VarArgs
    as_var: strip
  "src.backend.InvenTree.plugin.templatetags.plugin_extras::tag::plugin_list":
    arg_constraints: []
    required_keywords: []
    choice_at_constraints: []
    known_options: ~
    argument_syntax:
      Parameters:
        - name: args
          requirement: optional
          kind: VarArgs
    as_var: strip
  "src.backend.InvenTree.plugin.templatetags.plugin_extras::tag::plugin_settings":
    arg_constraints:
      - Min: 2
    required_keywords: []
    choice_at_constraints: []
    known_options: ~
    argument_syntax:
      Parameters:
        - name: plugin
          requirement: required
          kind: Variable
        - name: args
          requirement: optional
          kind: VarArgs
    as_var: strip
  "src.backend.InvenTree.plugin.templatetags.plugin_extras::tag::safe_url":
    arg_constraints:
      - Min: 2
    required_keywords: []
    choice_at_constraints: []
    known_options: ~
    argument_syntax:
      Parameters:
        - name: view_name
          requirement: required
          kind: Variable
        - name: args
          requirement: optional
          kind: VarArgs
    as_var: strip
filter_arities: {}
block_specs: {}
