---
source: crates/djls-project/tests/corpus.rs
expression: "sorted_snapshot(&bundle).expect(\"corpus extraction snapshot should serialize\")"
---
tag_rules:
  "hc.front.templatetags.linemode::tag::line":
    arg_constraints: []
    required_keywords: []
    choice_at_constraints: []
    known_options: ~
    argument_syntax:
      Signature:
        parameters: []
        positional_only: 0
        variadic_keyword: ~
    as_var: strip
filter_arities: {}
block_specs:
  "hc.front.templatetags.linemode::tag::line":
    body_analysis_evidence: not_detected
    end_tag: endline
    intermediates: []
  "hc.front.templatetags.linemode::tag::linemode":
    body_analysis_evidence: not_detected
    end_tag: endlinemode
    intermediates: []
