---
source: crates/djls-project/tests/corpus.rs
expression: "sorted_snapshot(&bundle).expect(\"corpus extraction snapshot should serialize\")"
---
tag_rules:
  "src.sentry.templatetags.sentry_assets::tag::absolute_asset_url":
    arg_constraints:
      - Min: 3
      - Max: 3
    required_keywords: []
    choice_at_constraints: []
    known_options: ~
    argument_syntax:
      Parameters:
        - name: module
          requirement: required
          kind: Variable
        - name: path
          requirement: required
          kind: Variable
    as_var: strip
  "src.sentry.templatetags.sentry_assets::tag::crossorigin":
    arg_constraints:
      - Max: 1
    required_keywords: []
    choice_at_constraints: []
    known_options: ~
    argument_syntax:
      Parameters: []
    as_var: strip
  "src.sentry.templatetags.sentry_assets::tag::injected_script_assets":
    arg_constraints:
      - Max: 1
    required_keywords: []
    choice_at_constraints: []
    known_options: ~
    argument_syntax:
      Parameters: []
    as_var: strip
filter_arities: {}
block_specs:
  "src.sentry.templatetags.sentry_assets::tag::script":
    body_analysis_evidence: not_detected
    end_tag: endscript
    intermediates: []
