---
source: crates/djls-project/tests/corpus.rs
expression: "sorted_snapshot(&bundle).expect(\"corpus extraction snapshot should serialize\")"
---
tag_rules:
  "netbox.utilities.templatetags.tabs::tag::model_view_tabs":
    arg_constraints: []
    required_keywords: []
    choice_at_constraints: []
    known_options: ~
    argument_syntax:
      Signature:
        parameters:
          - name: instance
            requirement: required
            kind: Variable
        positional_only: 0
        variadic_keyword: ~
    as_var: keep
filter_arities: {}
block_specs: {}
