---
source: crates/djls-project/tests/corpus.rs
expression: "sorted_snapshot(&bundle).expect(\"corpus extraction snapshot should serialize\")"
---
definitions:
  "tag::get_obj_perms":
    kind: tag
    has_doc: false
symbols_are_unobserved: false
tag_rules:
  "guardian.templatetags.guardian_tags::tag::get_obj_perms":
    arg_constraints:
      - Min: 6
      - Max: 7
    required_keywords:
      - position:
          Forward: 2
        value: for
      - position:
          Forward: 4
        value: as
    choice_at_constraints: []
    known_options: ~
    diagnostic_messages:
      - constraint:
          ArgumentCount:
            Min: 6
        message:
          PercentFormat:
            template: "get_obj_perms tag should be in format: %s"
            args:
              - String: "{% get_obj_perms user/group for obj as \"context_var\" perm_checker %}"
      - constraint:
          ArgumentCount:
            Max: 7
        message:
          PercentFormat:
            template: "get_obj_perms tag should be in format: %s"
            args:
              - String: "{% get_obj_perms user/group for obj as \"context_var\" perm_checker %}"
      - constraint:
          RequiredKeyword:
            position:
              Forward: 2
            value: for
        message:
          PercentFormat:
            template: "get_obj_perms tag should be in format: %s"
            args:
              - String: "{% get_obj_perms user/group for obj as \"context_var\" perm_checker %}"
      - constraint:
          RequiredKeyword:
            position:
              Forward: 4
            value: as
        message:
          PercentFormat:
            template: "get_obj_perms tag should be in format: %s"
            args:
              - String: "{% get_obj_perms user/group for obj as \"context_var\" perm_checker %}"
    argument_syntax:
      Parameters:
        - name: for_whom
          requirement: required
          kind: Variable
        - name: for
          requirement: required
          kind:
            Literal: for
        - name: obj
          requirement: required
          kind: Variable
        - name: as
          requirement: required
          kind:
            Literal: as
        - name: arg5
          requirement: required
          kind: Variable
        - name: arg6
          requirement: required
          kind: Variable
    as_var: keep
filter_arities: {}
block_specs: {}
