---
source: crates/djls-project/tests/corpus.rs
expression: "sorted_snapshot(&bundle).expect(\"corpus extraction snapshot should serialize\")"
---
definitions:
  "tag::get_providers":
    kind: tag
    has_doc: false
  "tag::get_social_accounts":
    kind: tag
    has_doc: false
  "tag::provider_login_url":
    kind: tag
    has_doc: false
  "tag::providers_media_js":
    kind: tag
    has_doc: false
symbols_are_unobserved: false
tag_rules:
  "allauth.socialaccount.templatetags.socialaccount::tag::get_providers":
    arg_constraints: []
    required_keywords: []
    choice_at_constraints: []
    known_options: ~
    argument_syntax:
      Signature:
        parameters: []
        positional_only: 0
        variadic_keyword: ~
    as_var: strip
  "allauth.socialaccount.templatetags.socialaccount::tag::get_social_accounts":
    arg_constraints: []
    required_keywords: []
    choice_at_constraints: []
    known_options: ~
    argument_syntax:
      Signature:
        parameters:
          - name: user
            requirement: required
            kind: Variable
        positional_only: 0
        variadic_keyword: ~
    as_var: strip
  "allauth.socialaccount.templatetags.socialaccount::tag::provider_login_url":
    arg_constraints: []
    required_keywords: []
    choice_at_constraints: []
    known_options: ~
    argument_syntax:
      Signature:
        parameters:
          - name: provider
            requirement: required
            kind: Variable
        positional_only: 0
        variadic_keyword: params
    as_var: strip
  "allauth.socialaccount.templatetags.socialaccount::tag::providers_media_js":
    arg_constraints: []
    required_keywords: []
    choice_at_constraints: []
    known_options: ~
    argument_syntax:
      Signature:
        parameters: []
        positional_only: 0
        variadic_keyword: ~
    as_var: strip
filter_arities: {}
block_specs: {}
