---
source: crates/djls-project/tests/corpus.rs
expression: snapshot(result)
---
tag_rules: {}
filter_arities:
  "typogrify.templatetags.typogrify_tags::filter::fuzzydate": optional_argument
  "typogrify.templatetags.typogrify_tags::filter::super_fuzzydate": no_argument
  "typogrify.templatetags.typogrify_tags::filter::text_whole_number": no_argument
block_specs: {}
