---
source: crates/djls-project/tests/corpus.rs
expression: "sorted_snapshot(&bundle).expect(\"corpus extraction snapshot should serialize\")"
---
tag_rules:
  "src.backend.InvenTree.InvenTree.templatetags.inventree_extras::tag::decimal":
    arg_constraints:
      - Min: 2
    required_keywords: []
    choice_at_constraints: []
    known_options: ~
    argument_syntax:
      Parameters:
        - name: x
          requirement: required
          kind: Variable
        - name: args
          requirement: optional
          kind: VarArgs
    as_var: strip
  "src.backend.InvenTree.InvenTree.templatetags.inventree_extras::tag::define":
    arg_constraints:
      - Min: 2
    required_keywords: []
    choice_at_constraints: []
    known_options: ~
    argument_syntax:
      Parameters:
        - name: value
          requirement: required
          kind: Variable
        - name: args
          requirement: optional
          kind: VarArgs
    as_var: strip
  "src.backend.InvenTree.InvenTree.templatetags.inventree_extras::tag::inventree_commit_date":
    arg_constraints: []
    required_keywords: []
    choice_at_constraints: []
    known_options: ~
    argument_syntax:
      Parameters:
        - name: args
          requirement: optional
          kind: VarArgs
    as_var: strip
  "src.backend.InvenTree.InvenTree.templatetags.inventree_extras::tag::inventree_commit_hash":
    arg_constraints: []
    required_keywords: []
    choice_at_constraints: []
    known_options: ~
    argument_syntax:
      Parameters:
        - name: args
          requirement: optional
          kind: VarArgs
    as_var: strip
  "src.backend.InvenTree.InvenTree.templatetags.inventree_extras::tag::inventree_customize":
    arg_constraints:
      - Min: 2
    required_keywords: []
    choice_at_constraints: []
    known_options: ~
    argument_syntax:
      Parameters:
        - name: reference
          requirement: required
          kind: Variable
        - name: args
          requirement: optional
          kind: VarArgs
    as_var: strip
  "src.backend.InvenTree.InvenTree.templatetags.inventree_extras::tag::inventree_installer":
    arg_constraints: []
    required_keywords: []
    choice_at_constraints: []
    known_options: ~
    argument_syntax:
      Parameters:
        - name: args
          requirement: optional
          kind: VarArgs
    as_var: strip
  "src.backend.InvenTree.InvenTree.templatetags.inventree_extras::tag::inventree_instance_name":
    arg_constraints: []
    required_keywords: []
    choice_at_constraints: []
    known_options: ~
    argument_syntax:
      Parameters:
        - name: args
          requirement: optional
          kind: VarArgs
    as_var: strip
  "src.backend.InvenTree.InvenTree.templatetags.inventree_extras::tag::inventree_title":
    arg_constraints: []
    required_keywords: []
    choice_at_constraints: []
    known_options: ~
    argument_syntax:
      Parameters:
        - name: args
          requirement: optional
          kind: VarArgs
    as_var: strip
  "src.backend.InvenTree.InvenTree.templatetags.inventree_extras::tag::inventree_version":
    arg_constraints: []
    required_keywords: []
    choice_at_constraints: []
    known_options: ~
    argument_syntax:
      Parameters:
        - name: shortstring
          requirement: optional
          kind: Variable
        - name: args
          requirement: optional
          kind: VarArgs
    as_var: strip
  "src.backend.InvenTree.InvenTree.templatetags.inventree_extras::tag::render_date":
    arg_constraints:
      - Min: 2
      - Max: 2
    required_keywords: []
    choice_at_constraints: []
    known_options: ~
    argument_syntax:
      Parameters:
        - name: date_object
          requirement: required
          kind: Variable
    as_var: strip
  "src.backend.InvenTree.InvenTree.templatetags.inventree_extras::tag::setting_object":
    arg_constraints:
      - Min: 2
    required_keywords: []
    choice_at_constraints: []
    known_options: ~
    argument_syntax:
      Parameters:
        - name: key
          requirement: required
          kind: Variable
        - name: args
          requirement: optional
          kind: VarArgs
    as_var: strip
  "src.backend.InvenTree.InvenTree.templatetags.inventree_extras::tag::settings_value":
    arg_constraints:
      - Min: 2
    required_keywords: []
    choice_at_constraints: []
    known_options: ~
    argument_syntax:
      Parameters:
        - name: key
          requirement: required
          kind: Variable
        - name: args
          requirement: optional
          kind: VarArgs
    as_var: strip
  "src.backend.InvenTree.InvenTree.templatetags.inventree_extras::tag::str2bool":
    arg_constraints:
      - Min: 2
    required_keywords: []
    choice_at_constraints: []
    known_options: ~
    argument_syntax:
      Parameters:
        - name: x
          requirement: required
          kind: Variable
        - name: args
          requirement: optional
          kind: VarArgs
    as_var: strip
  "src.backend.InvenTree.InvenTree.templatetags.inventree_extras::tag::to_list":
    arg_constraints: []
    required_keywords: []
    choice_at_constraints: []
    known_options: ~
    argument_syntax:
      Parameters:
        - name: args
          requirement: optional
          kind: VarArgs
    as_var: strip
filter_arities:
  "src.backend.InvenTree.InvenTree.templatetags.inventree_extras::filter::keyvalue": required_argument
block_specs: {}
