---
source: crates/djls-project/tests/corpus.rs
expression: "sorted_snapshot(&bundle).expect(\"corpus extraction snapshot should serialize\")"
---
tag_rules:
  "misago.plugins.templatetags.misago_plugins::tag::hasplugins":
    arg_constraints:
      - Exact: 2
    required_keywords: []
    choice_at_constraints: []
    known_options: ~
    diagnostic_messages:
      - constraint:
          ArgumentCount:
            Exact: 2
        message:
          Static: "hasplugins tag syntax is \"hasplugins OUTLET_NAME\""
    argument_syntax:
      Parameters:
        - name: arg1
          requirement: required
          kind: Variable
    as_var: keep
  "misago.plugins.templatetags.misago_plugins::tag::pluginoutlet":
    arg_constraints:
      - Exact: 2
    required_keywords: []
    choice_at_constraints: []
    known_options: ~
    diagnostic_messages:
      - constraint:
          ArgumentCount:
            Exact: 2
        message:
          Static: "pluginoutlet tag syntax is \"pluginoutlet OUTLET_NAME\""
    argument_syntax:
      Parameters:
        - name: arg1
          requirement: required
          kind: Variable
    as_var: keep
filter_arities: {}
block_specs: {}
