---
source: crates/djls-project/tests/corpus.rs
expression: "sorted_snapshot(&bundle).expect(\"corpus extraction snapshot should serialize\")"
---
definitions:
  "filter::to_json":
    kind: filter
    has_doc: false
  "tag::baton_ai_stats":
    kind: tag
    has_doc: false
  "tag::baton_config":
    kind: tag
    has_doc: false
  "tag::baton_config_value":
    kind: tag
    has_doc: false
  "tag::baton_theme":
    kind: tag
    has_doc: false
  "tag::call_model_admin_method":
    kind: tag
    has_doc: false
  "tag::footer":
    kind: tag
    has_doc: false
symbols_are_unobserved: false
tag_rules:
  "baton.templatetags.baton_tags::tag::baton_ai_stats":
    arg_constraints: []
    required_keywords: []
    choice_at_constraints: []
    known_options: ~
    argument_syntax:
      Signature:
        parameters: []
        positional_only: 0
        variadic_keyword: ~
    as_var: keep
  "baton.templatetags.baton_tags::tag::baton_config":
    arg_constraints: []
    required_keywords: []
    choice_at_constraints: []
    known_options: ~
    argument_syntax:
      Signature:
        parameters: []
        positional_only: 0
        variadic_keyword: ~
    as_var: strip
  "baton.templatetags.baton_tags::tag::baton_config_value":
    arg_constraints: []
    required_keywords: []
    choice_at_constraints: []
    known_options: ~
    argument_syntax:
      Signature:
        parameters:
          - name: key
            requirement: required
            kind: Variable
        positional_only: 0
        variadic_keyword: ~
    as_var: strip
  "baton.templatetags.baton_tags::tag::baton_theme":
    arg_constraints: []
    required_keywords: []
    choice_at_constraints: []
    known_options: ~
    argument_syntax:
      Signature:
        parameters: []
        positional_only: 0
        variadic_keyword: ~
    as_var: keep
  "baton.templatetags.baton_tags::tag::call_model_admin_method":
    arg_constraints: []
    required_keywords: []
    choice_at_constraints: []
    known_options: ~
    argument_syntax:
      Signature:
        parameters: []
        positional_only: 0
        variadic_keyword: kwargs
    as_var: strip
  "baton.templatetags.baton_tags::tag::footer":
    arg_constraints: []
    required_keywords: []
    choice_at_constraints: []
    known_options: ~
    argument_syntax:
      Signature:
        parameters: []
        positional_only: 0
        variadic_keyword: ~
    as_var: keep
filter_arities:
  "baton.templatetags.baton_tags::filter::to_json": no_argument
block_specs: {}
