---
source: crates/djls-project/tests/corpus.rs
expression: "sorted_snapshot(&bundle).expect(\"corpus extraction snapshot should serialize\")"
---
tag_rules:
  "cms.templatetags.cms_tags::tag::render_extra_menu_items":
    arg_constraints:
      - Min: 2
      - Max: 3
    required_keywords: []
    choice_at_constraints: []
    known_options: ~
    argument_syntax:
      Parameters:
        - name: obj
          requirement: required
          kind: Variable
        - name: template
          requirement: optional
          kind: Variable
    as_var: strip
  "cms.templatetags.cms_tags::tag::render_plugin":
    arg_constraints:
      - Min: 2
      - Max: 2
    required_keywords: []
    choice_at_constraints: []
    known_options: ~
    argument_syntax:
      Parameters:
        - name: plugin
          requirement: required
          kind: Variable
    as_var: strip
  "cms.templatetags.cms_tags::tag::show_placeholder":
    arg_constraints:
      - Min: 4
      - Max: 7
    required_keywords: []
    choice_at_constraints: []
    known_options: ~
    argument_syntax:
      Parameters:
        - name: context
          requirement: required
          kind: Variable
        - name: placeholder_name
          requirement: required
          kind: Variable
        - name: reverse_id
          requirement: required
          kind: Variable
        - name: lang
          requirement: optional
          kind: Variable
        - name: site
          requirement: optional
          kind: Variable
        - name: use_cache
          requirement: optional
          kind: Variable
    as_var: strip
  "cms.templatetags.cms_tags::tag::show_placeholder_by_id":
    arg_constraints:
      - Min: 4
      - Max: 7
    required_keywords: []
    choice_at_constraints: []
    known_options: ~
    argument_syntax:
      Parameters:
        - name: context
          requirement: required
          kind: Variable
        - name: placeholder_name
          requirement: required
          kind: Variable
        - name: reverse_id
          requirement: required
          kind: Variable
        - name: lang
          requirement: optional
          kind: Variable
        - name: site
          requirement: optional
          kind: Variable
        - name: use_cache
          requirement: optional
          kind: Variable
    as_var: strip
  "cms.templatetags.cms_tags::tag::show_uncached_placeholder":
    arg_constraints:
      - Min: 2
    required_keywords: []
    choice_at_constraints: []
    known_options: ~
    argument_syntax:
      Parameters:
        - name: context
          requirement: required
          kind: Variable
        - name: args
          requirement: optional
          kind: VarArgs
    as_var: strip
  "cms.templatetags.cms_tags::tag::show_uncached_placeholder_by_id":
    arg_constraints:
      - Min: 2
    required_keywords: []
    choice_at_constraints: []
    known_options: ~
    argument_syntax:
      Parameters:
        - name: context
          requirement: required
          kind: Variable
        - name: args
          requirement: optional
          kind: VarArgs
    as_var: strip
filter_arities: {}
block_specs: {}
