---
source: crates/djls-project/tests/corpus.rs
expression: snapshot(result)
---
tag_rules:
  "blog.templatetags.weblog::tag::render_latest_blog_entries":
    arg_constraints:
      - Min: 2
      - Max: 5
    required_keywords: []
    choice_at_constraints: []
    known_options: ~
    extracted_args:
      - name: num
        required: true
        kind: Variable
      - name: summary_first
        required: false
        kind: Variable
      - name: hide_readmore
        required: false
        kind: Variable
      - name: header_tag
        required: false
        kind: Variable
    as_var: keep
  "blog.templatetags.weblog::tag::render_month_links":
    arg_constraints:
      - Max: 1
    required_keywords: []
    choice_at_constraints: []
    known_options: ~
    extracted_args: []
    as_var: keep
filter_arities: {}
block_specs: {}
