---
source: crates/djls-project/tests/settings_extraction.rs
expression: "django_settings(&db, project)"
---
parse_status: parsed
installed_apps:
  values:
    - django.contrib.admin
    - blog
  extraction: complete
templates:
  backends:
    - backend: ~
      dirs:
        - resolved: /proj/myproject/settings/templates
      app_dirs: true
      libraries: []
      builtins: []
      extraction: complete
  extraction: complete
