---
source: crates/djls-project/tests/settings_extraction.rs
expression: "django_settings(&db, project)"
---
parse_status: parsed
installed_apps:
  values:
    - django.contrib.admin
    - blog
  extraction: complete
templates:
  backends:
    - backend: ~
      dirs:
        - resolved: /proj/myproject/settings/templates
      app_dirs: true
      libraries: []
      builtins: []
      context_processors: []
      extraction: complete
  extraction: complete
staticfiles:
  static_url:
    values: []
    extraction: partial
  static_root:
    values: []
    extraction: partial
  staticfiles_dirs:
    values: []
    extraction: partial
