---
source: crates/djls-project/tests/corpus_models.rs
expression: graph
---
models:
  archivebox.workers.models.BaseModelWithStateMachine:
    name: BaseModelWithStateMachine
    module_name: archivebox.workers.models
    line: 28
    relations: []
    kind: abstract
  archivebox.workers.models.ModelWithStateMachine:
    name: ModelWithStateMachine
    module_name: archivebox.workers.models
    line: 311
    relations: []
    kind: abstract
