---
source: crates/djls-project/tests/corpus_models.rs
expression: graph
---
models:
  geonode.base.models.ContactRole:
    name:
      value: ContactRole
      span:
        start: 3510
        length: 11
    module_name: geonode.base.models
    relations:
      - field_name:
          value: resource
          span:
            start: 3658
            length: 8
        relation_type: ForeignKey
        target:
          value:
            kind: Bare
            name: ResourceBase
          span:
            start: 3687
            length: 14
        related_name: ~
      - field_name:
          value: contact
          span:
            start: 3758
            length: 7
        relation_type: ForeignKey
        target:
          value:
            kind: Attribute
            path:
              - settings
              - AUTH_USER_MODEL
          span:
            start: 3786
            length: 24
        related_name: ~
    kind: concrete
  geonode.base.models.ExtraMetadata:
    name:
      value: ExtraMetadata
      span:
        start: 82882
        length: 13
    module_name: geonode.base.models
    relations:
      - field_name:
          value: resource
          span:
            start: 82915
            length: 8
        relation_type: ForeignKey
        target:
          value:
            kind: Bare
            name: ResourceBase
          span:
            start: 82944
            length: 12
        related_name: ~
    kind: concrete
  geonode.base.models.GroupGeoLimit:
    name:
      value: GroupGeoLimit
      span:
        start: 82596
        length: 13
    module_name: geonode.base.models
    relations:
      - field_name:
          value: group
          span:
            start: 82629
            length: 5
        relation_type: ForeignKey
        target:
          value:
            kind: Bare
            name: GroupProfile
          span:
            start: 82655
            length: 12
        related_name: ~
      - field_name:
          value: resource
          span:
            start: 82724
            length: 8
        relation_type: ForeignKey
        target:
          value:
            kind: Bare
            name: ResourceBase
          span:
            start: 82753
            length: 12
        related_name: ~
    kind: concrete
  geonode.base.models.License:
    name:
      value: License
      span:
        start: 8443
        length: 7
    module_name: geonode.base.models
    relations: []
    kind: concrete
  geonode.base.models.Link:
    name:
      value: Link
      span:
        start: 78924
        length: 4
    module_name: geonode.base.models
    relations:
      - field_name:
          value: resource
          span:
            start: 79454
            length: 8
        relation_type: ForeignKey
        target:
          value:
            kind: Bare
            name: ResourceBase
          span:
            start: 79483
            length: 12
        related_name: ~
      - field_name:
          value: asset
          span:
            start: 79955
            length: 5
        relation_type: ForeignKey
        target:
          value:
            kind: Qualified
            app_label: assets
            name: Asset
          span:
            start: 79981
            length: 14
        related_name: ~
    kind: concrete
  geonode.base.models.LinkedResource:
    name:
      value: LinkedResource
      span:
        start: 77282
        length: 14
    module_name: geonode.base.models
    relations:
      - field_name:
          value: source
          span:
            start: 77316
            length: 6
        relation_type: ForeignKey
        target:
          value:
            kind: Bare
            name: ResourceBase
          span:
            start: 77352
            length: 12
        related_name: linked_to
      - field_name:
          value: target
          span:
            start: 77452
            length: 6
        relation_type: ForeignKey
        target:
          value:
            kind: Bare
            name: ResourceBase
          span:
            start: 77479
            length: 12
        related_name: linked_by
    kind: concrete
  geonode.base.models.Menu:
    name:
      value: Menu
      span:
        start: 80322
        length: 4
    module_name: geonode.base.models
    relations: []
    kind: concrete
  geonode.base.models.MenuItem:
    name:
      value: MenuItem
      span:
        start: 80790
        length: 8
    module_name: geonode.base.models
    relations: []
    kind: concrete
  geonode.base.models.MenuPlaceholder:
    name:
      value: MenuPlaceholder
      span:
        start: 80147
        length: 15
    module_name: geonode.base.models
    relations: []
    kind: concrete
  geonode.base.models.RestrictionCodeType:
    name:
      value: RestrictionCodeType
      span:
        start: 7703
        length: 19
    module_name: geonode.base.models
    relations: []
    kind: concrete
  geonode.base.models.SpatialRepresentationType:
    name:
      value: SpatialRepresentationType
      span:
        start: 4859
        length: 25
    module_name: geonode.base.models
    relations: []
    kind: concrete
  geonode.base.models.Thesaurus:
    name:
      value: Thesaurus
      span:
        start: 16966
        length: 9
    module_name: geonode.base.models
    relations: []
    kind: concrete
  geonode.base.models.ThesaurusKeyword:
    name:
      value: ThesaurusKeyword
      span:
        start: 18666
        length: 16
    module_name: geonode.base.models
    relations:
      - field_name:
          value: thesaurus
          span:
            start: 18996
            length: 9
        relation_type: ForeignKey
        target:
          value:
            kind: Bare
            name: Thesaurus
          span:
            start: 19026
            length: 11
        related_name: thesaurus
    kind: concrete
  geonode.base.models.ThesaurusKeywordLabel:
    name:
      value: ThesaurusKeywordLabel
      span:
        start: 18025
        length: 21
    module_name: geonode.base.models
    relations:
      - field_name:
          value: keyword
          span:
            start: 18343
            length: 7
        relation_type: ForeignKey
        target:
          value:
            kind: Bare
            name: ThesaurusKeyword
          span:
            start: 18371
            length: 18
        related_name: keyword
    kind: concrete
  geonode.base.models.ThesaurusLabel:
    name:
      value: ThesaurusLabel
      span:
        start: 19960
        length: 14
    module_name: geonode.base.models
    relations:
      - field_name:
          value: thesaurus
          span:
            start: 20212
            length: 9
        relation_type: ForeignKey
        target:
          value:
            kind: Bare
            name: Thesaurus
          span:
            start: 20242
            length: 11
        related_name: rel_thesaurus
    kind: concrete
  geonode.base.models.TopicCategory:
    name:
      value: TopicCategory
      span:
        start: 4066
        length: 13
    module_name: geonode.base.models
    relations: []
    kind: concrete
  geonode.base.models.UserGeoLimit:
    name:
      value: UserGeoLimit
      span:
        start: 82300
        length: 12
    module_name: geonode.base.models
    relations:
      - field_name:
          value: user
          span:
            start: 82332
            length: 4
        relation_type: ForeignKey
        target:
          value:
            kind: Attribute
            path:
              - settings
              - AUTH_USER_MODEL
          span:
            start: 82357
            length: 24
        related_name: ~
      - field_name:
          value: resource
          span:
            start: 82438
            length: 8
        relation_type: ForeignKey
        target:
          value:
            kind: Bare
            name: ResourceBase
          span:
            start: 82467
            length: 12
        related_name: ~
    kind: concrete
