---
source: crates/djls-project/tests/corpus_models.rs
expression: graph
---
models:
  members.models.CorporateMember:
    name:
      value: CorporateMember
      span:
        start: 2676
        length: 15
    module_name: members.models
    relations: []
    kind: concrete
    unresolved_bases:
      - Unresolved:
          span:
            start: 2692
            length: 18
          reason:
            ImportNotFound:
              requested: djangoproject.thumbnails.LogoThumbnailMixin
    ancestry: Partial
  members.models.IndividualMember:
    name:
      value: IndividualMember
      span:
        start: 1009
        length: 16
    module_name: members.models
    relations: []
    kind: concrete
  members.models.Invoice:
    name:
      value: Invoice
      span:
        start: 4986
        length: 7
    module_name: members.models
    relations:
      - field_name:
          value: member
          span:
            start: 5255
            length: 6
        relation_type: ForeignKey
        target:
          value:
            kind: Bare
            name: CorporateMember
          span:
            start: 5282
            length: 15
        related_name: ~
    kind: concrete
  members.models.Team:
    name:
      value: Team
      span:
        start: 1716
        length: 4
    module_name: members.models
    relations:
      - field_name:
          value: members
          span:
            start: 1901
            length: 7
        relation_type: ManyToMany
        target:
          value:
            kind: Bare
            name: IndividualMember
          span:
            start: 1934
            length: 16
        related_name: ~
    kind: concrete
