---
source: crates/djls-project/tests/corpus_models.rs
expression: graph
---
models:
  misago.acl.models.BaseRole:
    name:
      value: BaseRole
      span:
        start: 162
        length: 8
    module_name: misago.acl.models
    relations: []
    kind: abstract
  misago.acl.models.Role:
    name:
      value: Role
      span:
        start: 736
        length: 4
    module_name: misago.acl.models
    relations: []
    kind: concrete
