---
source: crates/djls-project/tests/corpus_models.rs
expression: graph
---
models:
  netbox.extras.models.models.Bookmark:
    name:
      value: Bookmark
      span:
        start: 26489
        length: 8
    module_name: netbox.extras.models.models
    relations:
      - field_name:
          value: object
          span:
            start: 26836
            length: 6
        relation_type: GenericForeignKey
        ct_field: object_type
        fk_field: object_id
    kind: concrete
