---
source: crates/djls-project/tests/corpus_models.rs
expression: graph
---
models:
  wagtail.admin.models.Admin:
    name:
      value: Admin
      span:
        start: 948
        length: 5
    module_name: wagtail.admin.models
    relations: []
    kind: concrete
  wagtail.admin.models.EditingSession:
    name:
      value: EditingSession
      span:
        start: 2908
        length: 14
    module_name: wagtail.admin.models
    relations:
      - field_name:
          value: user
          span:
            start: 2942
            length: 4
        relation_type: ForeignKey
        target:
          value:
            kind: Attribute
            path:
              - settings
              - AUTH_USER_MODEL
          span:
            start: 2976
            length: 24
        related_name: editing_sessions
      - field_name:
          value: content_type
          span:
            start: 3087
            length: 12
        relation_type: ForeignKey
        target:
          value:
            kind: Bare
            name: ContentType
          span:
            start: 3129
            length: 11
        related_name: ~
      - field_name:
          value: content_object
          span:
            start: 3244
            length: 14
        relation_type: GenericForeignKey
        ct_field: content_type
        fk_field: object_id
    kind: concrete
