---
source: crates/djls-project/tests/corpus_models.rs
expression: graph
---
models:
  src.nomnom.canonicalize.models.CanonicalizedNomination:
    name: CanonicalizedNomination
    module_path: src.nomnom.canonicalize.models
    line: 91
    relations:
      - field_name: work
        relation_type: ForeignKey
        target:
          kind: Bare
          name: Work
        related_name: ~
      - field_name: nomination
        relation_type: OneToOne
        target:
          kind: Qualified
          app_label: nominate
          name: Nomination
        related_name: ~
    kind: concrete
  src.nomnom.canonicalize.models.Work:
    name: Work
    module_path: src.nomnom.canonicalize.models
    line: 16
    relations:
      - field_name: category
        relation_type: ForeignKey
        target:
          kind: Qualified
          app_label: nominate
          name: Category
        related_name: ~
      - field_name: nominations
        relation_type: ManyToMany
        target:
          kind: Qualified
          app_label: nominate
          name: Nomination
        related_name: works
    kind: concrete
