---
source: crates/djls-project/tests/corpus_models.rs
expression: graph
---
models:
  netbox.wireless.models.WirelessAuthenticationBase:
    name:
      value: WirelessAuthenticationBase
      span:
        start: 513
        length: 26
    module_name: netbox.wireless.models
    relations: []
    kind: abstract
  netbox.wireless.models.WirelessLAN:
    name:
      value: WirelessLAN
      span:
        start: 2073
        length: 11
    module_name: netbox.wireless.models
    relations:
      - field_name:
          value: group
          span:
            start: 2353
            length: 5
        relation_type: ForeignKey
        target:
          value:
            kind: Qualified
            app_label: wireless
            name: WirelessLANGroup
          span:
            start: 2391
            length: 27
        related_name: wireless_lans
      - field_name:
          value: vlan
          span:
            start: 2732
            length: 4
        relation_type: ForeignKey
        target:
          value:
            kind: Qualified
            app_label: ipam
            name: VLAN
          span:
            start: 2769
            length: 11
        related_name: ~
      - field_name:
          value: tenant
          span:
            start: 2896
            length: 6
        relation_type: ForeignKey
        target:
          value:
            kind: Qualified
            app_label: tenancy
            name: Tenant
          span:
            start: 2935
            length: 16
        related_name: wireless_lans
    kind: concrete
    unresolved_bases:
      - Unresolved:
          span:
            start: 2113
            length: 16
          reason:
            ImportNotFound:
              requested: dcim.models.mixins.CachedScopeMixin
      - Unresolved:
          span:
            start: 2131
            length: 12
          reason:
            ImportNotFound:
              requested: netbox.models.PrimaryModel
    ancestry: Partial
  netbox.wireless.models.WirelessLink:
    name:
      value: WirelessLink
      span:
        start: 3544
        length: 12
    module_name: netbox.wireless.models
    relations:
      - field_name:
          value: interface_a
          span:
            start: 3700
            length: 11
        relation_type: ForeignKey
        target:
          value:
            kind: Qualified
            app_label: dcim
            name: Interface
          span:
            start: 3744
            length: 16
        related_name: ~
      - field_name:
          value: interface_b
          span:
            start: 3871
            length: 11
        relation_type: ForeignKey
        target:
          value:
            kind: Qualified
            app_label: dcim
            name: Interface
          span:
            start: 3915
            length: 16
        related_name: ~
      - field_name:
          value: tenant
          span:
            start: 4344
            length: 6
        relation_type: ForeignKey
        target:
          value:
            kind: Qualified
            app_label: tenancy
            name: Tenant
          span:
            start: 4383
            length: 16
        related_name: wireless_links
      - field_name:
          value: _interface_a_device
          span:
            start: 4660
            length: 19
        relation_type: ForeignKey
        target:
          value:
            kind: Qualified
            app_label: dcim
            name: Device
          span:
            start: 4712
            length: 13
        related_name: ~
      - field_name:
          value: _interface_b_device
          span:
            start: 4835
            length: 19
        relation_type: ForeignKey
        target:
          value:
            kind: Qualified
            app_label: dcim
            name: Device
          span:
            start: 4887
            length: 13
        related_name: ~
    kind: concrete
    unresolved_bases:
      - Unresolved:
          span:
            start: 3585
            length: 13
          reason:
            ImportNotFound:
              requested: netbox.models.mixins.DistanceMixin
      - Unresolved:
          span:
            start: 3600
            length: 12
          reason:
            ImportNotFound:
              requested: netbox.models.PrimaryModel
    ancestry: Partial
