---
source: crates/djls-project/tests/corpus_models.rs
expression: graph
---
models:
  src.sentry.remote_subscriptions.models.BaseRemoteSubscription:
    name:
      value: BaseRemoteSubscription
      span:
        start: 96
        length: 22
    module_name: src.sentry.remote_subscriptions.models
    relations: []
    kind: abstract
    unresolved_bases:
      - Unresolved:
          span:
            start: 119
            length: 5
          reason:
            ImportNotFound:
              requested: sentry.db.models.Model
    ancestry: Partial
