---
source: crates/djls-project/tests/corpus_models.rs
expression: graph
---
models:
  readthedocs.redirects.models.Redirect:
    name:
      value: Redirect
      span:
        start: 1471
        length: 8
    module_name: readthedocs.redirects.models
    relations:
      - field_name:
          value: project
          span:
            start: 1553
            length: 7
        relation_type: ForeignKey
        target:
          value:
            kind: Bare
            name: Project
          span:
            start: 1590
            length: 7
        related_name: redirects
    kind: concrete
