---
source: crates/djls-project/tests/corpus_models.rs
expression: graph
---
models:
  wagtail.documents.models.AbstractDocument:
    name:
      value: AbstractDocument
      span:
        start: 722
        length: 16
    module_name: wagtail.documents.models
    relations:
      - field_name:
          value: uploaded_by_user
          span:
            start: 1023
            length: 16
        relation_type: ForeignKey
        target:
          value:
            kind: Attribute
            path:
              - settings
              - AUTH_USER_MODEL
          span:
            start: 1069
            length: 24
        related_name: ~
    kind: abstract
  wagtail.documents.models.Document:
    name:
      value: Document
      span:
        start: 6518
        length: 8
    module_name: wagtail.documents.models
    relations:
      - field_name:
          value: uploaded_by_user
          span:
            start: 1023
            length: 16
        relation_type: ForeignKey
        target:
          value:
            kind: Attribute
            path:
              - settings
              - AUTH_USER_MODEL
          span:
            start: 1069
            length: 24
        related_name: ~
    kind: concrete
