---
source: crates/djls-project/tests/corpus_models.rs
expression: graph
---
models:
  src.pretix.plugins.paypal.models.ReferencedPayPalObject:
    name: ReferencedPayPalObject
    module_name: src.pretix.plugins.paypal.models
    line: 25
    relations:
      - field_name: order
        relation_type: ForeignKey
        target:
          kind: Qualified
          app_label: pretixbase
          name: Order
        related_name: ~
      - field_name: payment
        relation_type: ForeignKey
        target:
          kind: Qualified
          app_label: pretixbase
          name: OrderPayment
        related_name: ~
    kind: concrete
