---
source: crates/djls-project/tests/corpus_models.rs
expression: graph
---
models:
  fixtures.safe_migrations_apps.good_flow_delete_field_pending_with_fk_constraint_app.models.FkTable:
    name: FkTable
    module_name: fixtures.safe_migrations_apps.good_flow_delete_field_pending_with_fk_constraint_app.models
    line: 6
    relations: []
    kind: concrete
  fixtures.safe_migrations_apps.good_flow_delete_field_pending_with_fk_constraint_app.models.TestTable:
    name: TestTable
    module_name: fixtures.safe_migrations_apps.good_flow_delete_field_pending_with_fk_constraint_app.models
    line: 10
    relations: []
    kind: concrete
