---
source: crates/djls-project/tests/corpus_models.rs
expression: graph
---
models:
  misago.oauth2.models.Subject:
    name:
      value: Subject
      span:
        start: 100
        length: 7
    module_name: misago.oauth2.models
    relations:
      - field_name:
          value: user
          span:
            start: 207
            length: 4
        relation_type: ForeignKey
        target:
          value:
            kind: Attribute
            path:
              - settings
              - AUTH_USER_MODEL
          span:
            start: 232
            length: 24
        related_name: ~
    kind: concrete
