---
source: crates/djls-project/tests/corpus_models.rs
expression: graph
---
models:
  runtests.testapp.models.Abstract:
    name:
      value: Abstract
      span:
        start: 263
        length: 8
    module_name: runtests.testapp.models
    relations: []
    kind: abstract
  runtests.testapp.models.Player:
    name:
      value: Player
      span:
        start: 135
        length: 6
    module_name: runtests.testapp.models
    relations: []
    kind: concrete
  runtests.testapp.models.Unregistered:
    name:
      value: Unregistered
      span:
        start: 429
        length: 12
    module_name: runtests.testapp.models
    relations: []
    kind: concrete
