---
source: crates/djls-project/tests/corpus_models.rs
expression: graph
---
models:
  fixtures.safe_migrations_apps.bad_flow_delete_model_app.models.TestTable:
    name:
      value: TestTable
      span:
        start: 37
        length: 9
    module_name: fixtures.safe_migrations_apps.bad_flow_delete_model_app.models
    relations: []
    kind: concrete
