---
source: crates/djls-project/tests/corpus_models.rs
expression: graph
---
models:
  allauth.account.models.EmailAddress:
    name:
      value: EmailAddress
      span:
        start: 619
        length: 12
    module_name: allauth.account.models
    relations:
      - field_name:
          value: user
          span:
            start: 651
            length: 4
        relation_type: ForeignKey
        target:
          value:
            kind: Attribute
            path:
              - settings
              - AUTH_USER_MODEL
          span:
            start: 685
            length: 24
        related_name: ~
    kind: concrete
  allauth.account.models.EmailConfirmation:
    name:
      value: EmailConfirmation
      span:
        start: 4303
        length: 17
    module_name: allauth.account.models
    relations:
      - field_name:
          value: email_address
          span:
            start: 4364
            length: 13
        relation_type: ForeignKey
        target:
          value:
            kind: Bare
            name: EmailAddress
          span:
            start: 4407
            length: 12
        related_name: ~
    kind: concrete
