---
source: crates/djls-project/tests/corpus_models.rs
expression: graph
---
models:
  wagtail.contrib.search_promotions.models.Query:
    name:
      value: Query
      span:
        start: 258
        length: 5
    module_name: wagtail.contrib.search_promotions.models
    relations: []
    kind: concrete
  wagtail.contrib.search_promotions.models.QueryDailyHits:
    name:
      value: QueryDailyHits
      span:
        start: 1994
        length: 14
    module_name: wagtail.contrib.search_promotions.models
    relations:
      - field_name:
          value: query
          span:
            start: 2028
            length: 5
        relation_type: ForeignKey
        target:
          value:
            kind: Bare
            name: Query
          span:
            start: 2063
            length: 5
        related_name: daily_hits
    kind: concrete
  wagtail.contrib.search_promotions.models.SearchPromotion:
    name:
      value: SearchPromotion
      span:
        start: 2791
        length: 15
    module_name: wagtail.contrib.search_promotions.models
    relations:
      - field_name:
          value: query
          span:
            start: 2826
            length: 5
        relation_type: ForeignKey
        target:
          value:
            kind: Bare
            name: Query
          span:
            start: 2861
            length: 5
        related_name: editors_picks
      - field_name:
          value: page
          span:
            start: 2948
            length: 4
        relation_type: ForeignKey
        target:
          value:
            kind: Qualified
            app_label: wagtailcore
            name: Page
          span:
            start: 2982
            length: 18
        related_name: ~
    kind: concrete
