---
source: crates/djls-project/tests/corpus_models.rs
expression: graph
---
models:
  accounts.models.Profile:
    name:
      value: Profile
      span:
        start: 81
        length: 7
    module_name: accounts.models
    relations:
      - field_name:
          value: user
          span:
            start: 108
            length: 4
        relation_type: OneToOne
        target:
          value:
            kind: Bare
            name: User
          span:
            start: 136
            length: 4
        related_name: ~
    kind: concrete
