---
source: crates/djls-project/tests/corpus_models.rs
expression: graph
---
models:
  geonode.services.models.ServiceProfileRole:
    name: ServiceProfileRole
    module_name: geonode.services.models
    line: 146
    relations:
      - field_name: profiles
        relation_type: ForeignKey
        target:
          kind: Bare
          name: AUTH_USER_MODEL
        related_name: ~
      - field_name: service
        relation_type: ForeignKey
        target:
          kind: Bare
          name: Service
        related_name: ~
    kind: concrete
