---
source: crates/djls-project/tests/corpus_models.rs
expression: graph
---
models:
  archivebox.core.models.SnapshotTag:
    name:
      value: SnapshotTag
      span:
        start: 4477
        length: 11
    module_name: archivebox.core.models
    relations:
      - field_name:
          value: snapshot
          span:
            start: 4552
            length: 8
        relation_type: ForeignKey
        target:
          value:
            kind: Bare
            name: Snapshot
          span:
            start: 4581
            length: 10
        related_name: ~
      - field_name:
          value: tag
          span:
            start: 4663
            length: 3
        relation_type: ForeignKey
        target:
          value:
            kind: Bare
            name: Tag
          span:
            start: 4687
            length: 3
        related_name: ~
    kind: concrete
