---
source: crates/djls-project/tests/corpus_models.rs
expression: graph
---
models:
  runtests.notinstalled.models.NotInstalledModel:
    name:
      value: NotInstalledModel
      span:
        start: 37
        length: 17
    module_name: runtests.notinstalled.models
    relations: []
    kind: concrete
