---
source: crates/djls-semantic/src/blocks/tree.rs
expression: block_tree
---
roots:
  - 0
  - 2
  - 9
blocks:
  - span:
      start: 3
      length: 55
    nodes:
      - Branch:
          tag: block
          marker_span:
            start: 3
            length: 14
          body: 1
          kind: Segment
    parent: ~
  - span:
      start: 19
      length: 20
    nodes: []
    parent: 0
  - span:
      start: 64
      length: 290
    nodes:
      - Branch:
          tag: if
          marker_span:
            start: 64
            length: 26
          body: 3
          kind: Segment
      - Branch:
          tag: else
          marker_span:
            start: 311
            length: 6
          body: 8
          kind: Segment
    parent: ~
  - span:
      start: 92
      length: 217
    nodes:
      - Leaf:
          label: "<var>"
          span:
            start: 110
            length: 11
      - Branch:
          tag: if
          marker_span:
            start: 134
            length: 22
          body: 4
          kind: Opener
    parent: 2
  - span:
      start: 134
      length: 172
    nodes:
      - Branch:
          tag: if
          marker_span:
            start: 134
            length: 22
          body: 5
          kind: Segment
      - Branch:
          tag: elif
          marker_span:
            start: 192
            length: 20
          body: 6
          kind: Segment
      - Branch:
          tag: else
          marker_span:
            start: 250
            length: 6
          body: 7
          kind: Segment
    parent: 3
  - span:
      start: 158
      length: 32
    nodes: []
    parent: 4
  - span:
      start: 214
      length: 34
    nodes: []
    parent: 4
  - span:
      start: 258
      length: 39
    nodes: []
    parent: 4
  - span:
      start: 319
      length: 26
    nodes: []
    parent: 2
  - span:
      start: 360
      length: 56
    nodes:
      - Branch:
          tag: for
          marker_span:
            start: 360
            length: 19
          body: 10
          kind: Segment
    parent: ~
  - span:
      start: 381
      length: 25
    nodes:
      - Leaf:
          label: "<var>"
          span:
            start: 392
            length: 6
    parent: 9
