---
source: crates/djls-extraction/src/lib.rs
expression: "snapshot(extract_rules(source, \"django.template.defaulttags\"))"
---
tag_rules:
  "django.template.defaulttags::verbatim":
    arg_constraints:
      - Exact: 1
    required_keywords: []
    known_options: ~
    extracted_args: []
    supports_as_var: false
filter_arities: {}
block_specs:
  "django.template.defaulttags::verbatim":
    end_tag: endverbatim
    intermediates: []
    opaque: true
