---
source: crates/djls-extraction/tests/corpus.rs
expression: snapshot(combined)
---
tag_rules:
  "src.sentry.templatetags.sentry_api::convert_to_json":
    arg_constraints:
      - Min: 2
      - Max: 2
    required_keywords: []
    choice_at_constraints: []
    known_options: ~
    extracted_args:
      - name: obj
        required: true
        kind: Variable
        position: 0
    supports_as_var: true
  "src.sentry.templatetags.sentry_api::get_recipient_context":
    arg_constraints:
      - Min: 2
      - Max: 3
    required_keywords: []
    choice_at_constraints: []
    known_options: ~
    extracted_args:
      - name: request
        required: true
        kind: Variable
        position: 0
      - name: escape
        required: false
        kind: Variable
        position: 1
    supports_as_var: true
  "src.sentry.templatetags.sentry_api::serialize":
    arg_constraints:
      - Min: 2
      - Max: 2
    required_keywords: []
    choice_at_constraints: []
    known_options: ~
    extracted_args:
      - name: obj
        required: true
        kind: Variable
        position: 0
    supports_as_var: true
  "src.sentry.templatetags.sentry_api::serialize_detailed_org":
    arg_constraints:
      - Min: 2
      - Max: 2
    required_keywords: []
    choice_at_constraints: []
    known_options: ~
    extracted_args:
      - name: obj
        required: true
        kind: Variable
        position: 0
    supports_as_var: true
  "src.sentry.templatetags.sentry_assets::absolute_asset_url":
    arg_constraints:
      - Min: 3
      - Max: 3
    required_keywords: []
    choice_at_constraints: []
    known_options: ~
    extracted_args:
      - name: module
        required: true
        kind: Variable
        position: 0
      - name: path
        required: true
        kind: Variable
        position: 1
    supports_as_var: true
  "src.sentry.templatetags.sentry_assets::crossorigin":
    arg_constraints:
      - Max: 1
    required_keywords: []
    choice_at_constraints: []
    known_options: ~
    extracted_args: []
    supports_as_var: true
  "src.sentry.templatetags.sentry_assets::injected_script_assets":
    arg_constraints:
      - Max: 1
    required_keywords: []
    choice_at_constraints: []
    known_options: ~
    extracted_args: []
    supports_as_var: true
  "src.sentry.templatetags.sentry_avatars::avatar":
    arg_constraints:
      - Min: 2
      - Max: 3
    required_keywords: []
    choice_at_constraints: []
    known_options: ~
    extracted_args:
      - name: user
        required: true
        kind: Variable
        position: 0
      - name: size
        required: false
        kind: Variable
        position: 1
    supports_as_var: false
  "src.sentry.templatetags.sentry_avatars::avatar_for_email":
    arg_constraints:
      - Min: 2
      - Max: 3
    required_keywords: []
    choice_at_constraints: []
    known_options: ~
    extracted_args:
      - name: user
        required: true
        kind: Variable
        position: 0
      - name: size
        required: false
        kind: Variable
        position: 1
    supports_as_var: false
  "src.sentry.templatetags.sentry_avatars::email_avatar":
    arg_constraints:
      - Min: 3
      - Max: 5
    required_keywords: []
    choice_at_constraints: []
    known_options: ~
    extracted_args:
      - name: display_name
        required: true
        kind: Variable
        position: 0
      - name: identifier
        required: true
        kind: Variable
        position: 1
      - name: size
        required: false
        kind: Variable
        position: 2
      - name: try_gravatar
        required: false
        kind: Variable
        position: 3
    supports_as_var: true
  "src.sentry.templatetags.sentry_avatars::gravatar_url":
    arg_constraints:
      - Min: 3
      - Max: 4
    required_keywords: []
    choice_at_constraints: []
    known_options: ~
    extracted_args:
      - name: email
        required: true
        kind: Variable
        position: 0
      - name: size
        required: true
        kind: Variable
        position: 1
      - name: default
        required: false
        kind: Variable
        position: 2
    supports_as_var: true
  "src.sentry.templatetags.sentry_avatars::letter_avatar_svg":
    arg_constraints:
      - Min: 3
      - Max: 4
    required_keywords: []
    choice_at_constraints: []
    known_options: ~
    extracted_args:
      - name: display_name
        required: true
        kind: Variable
        position: 0
      - name: identifier
        required: true
        kind: Variable
        position: 1
      - name: size
        required: false
        kind: Variable
        position: 2
    supports_as_var: true
  "src.sentry.templatetags.sentry_avatars::profile_photo_url":
    arg_constraints:
      - Min: 2
      - Max: 3
    required_keywords: []
    choice_at_constraints: []
    known_options: ~
    extracted_args:
      - name: user_id
        required: true
        kind: Variable
        position: 0
      - name: size
        required: false
        kind: Variable
        position: 1
    supports_as_var: true
  "src.sentry.templatetags.sentry_features::feature":
    arg_constraints:
      - Min: 2
    required_keywords: []
    choice_at_constraints: []
    known_options: ~
    extracted_args:
      - name: name
        required: true
        kind: Variable
        position: 0
    supports_as_var: false
  "src.sentry.templatetags.sentry_helpers::get_sentry_version":
    arg_constraints:
      - Max: 1
    required_keywords: []
    choice_at_constraints: []
    known_options: ~
    extracted_args: []
    supports_as_var: true
  "src.sentry.templatetags.sentry_helpers::loading_message":
    arg_constraints:
      - Max: 1
    required_keywords: []
    choice_at_constraints: []
    known_options: ~
    extracted_args: []
    supports_as_var: true
  "src.sentry.templatetags.sentry_helpers::org_url":
    arg_constraints:
      - Min: 3
      - Max: 5
    required_keywords: []
    choice_at_constraints: []
    known_options: ~
    extracted_args:
      - name: organization
        required: true
        kind: Variable
        position: 0
      - name: path
        required: true
        kind: Variable
        position: 1
      - name: query
        required: false
        kind: Variable
        position: 2
      - name: fragment
        required: false
        kind: Variable
        position: 3
    supports_as_var: true
  "src.sentry.templatetags.sentry_helpers::percent":
    arg_constraints:
      - Min: 3
      - Max: 4
    required_keywords: []
    choice_at_constraints: []
    known_options: ~
    extracted_args:
      - name: value
        required: true
        kind: Variable
        position: 0
      - name: total
        required: true
        kind: Variable
        position: 1
      - name: format
        required: false
        kind: Variable
        position: 2
    supports_as_var: true
  "src.sentry.templatetags.sentry_helpers::random_int":
    arg_constraints:
      - Min: 2
      - Max: 3
    required_keywords: []
    choice_at_constraints: []
    known_options: ~
    extracted_args:
      - name: a
        required: true
        kind: Variable
        position: 0
      - name: b
        required: false
        kind: Variable
        position: 1
    supports_as_var: true
  "src.sentry.templatetags.sentry_helpers::security_contact":
    arg_constraints:
      - Max: 1
    required_keywords: []
    choice_at_constraints: []
    known_options: ~
    extracted_args: []
    supports_as_var: true
  "src.sentry.templatetags.sentry_helpers::serialize":
    arg_constraints:
      - Min: 2
      - Max: 2
    required_keywords: []
    choice_at_constraints: []
    known_options: ~
    extracted_args:
      - name: value
        required: true
        kind: Variable
        position: 0
    supports_as_var: true
  "src.sentry.templatetags.sentry_helpers::system_origin":
    arg_constraints:
      - Max: 1
    required_keywords: []
    choice_at_constraints: []
    known_options: ~
    extracted_args: []
    supports_as_var: true
  "src.sentry.templatetags.sentry_platforms::letter_platform_svg":
    arg_constraints:
      - Min: 3
      - Max: 5
    required_keywords: []
    choice_at_constraints: []
    known_options: ~
    extracted_args:
      - name: display_name
        required: true
        kind: Variable
        position: 0
      - name: identifier
        required: true
        kind: Variable
        position: 1
      - name: size
        required: false
        kind: Variable
        position: 2
      - name: rounded
        required: false
        kind: Variable
        position: 3
    supports_as_var: true
  "src.sentry.templatetags.sentry_platforms::platform_avatar":
    arg_constraints:
      - Min: 2
      - Max: 3
    required_keywords: []
    choice_at_constraints: []
    known_options: ~
    extracted_args:
      - name: display_name
        required: true
        kind: Variable
        position: 0
      - name: size
        required: false
        kind: Variable
        position: 1
    supports_as_var: true
  "src.sentry.templatetags.sentry_react::get_react_config":
    arg_constraints:
      - Max: 1
    required_keywords: []
    choice_at_constraints: []
    known_options: ~
    extracted_args: []
    supports_as_var: true
  "src.sentry.templatetags.sentry_status::show_system_status":
    arg_constraints:
      - Max: 1
    required_keywords: []
    choice_at_constraints: []
    known_options: ~
    extracted_args: []
    supports_as_var: false
  "src.sentry.templatetags.sentry_trace::get_sentry_baggage":
    arg_constraints:
      - Max: 1
    required_keywords: []
    choice_at_constraints: []
    known_options: ~
    extracted_args: []
    supports_as_var: true
  "src.sentry.templatetags.sentry_trace::get_sentry_trace":
    arg_constraints:
      - Max: 1
    required_keywords: []
    choice_at_constraints: []
    known_options: ~
    extracted_args: []
    supports_as_var: true
filter_arities:
  "src.sentry.templatetags.sentry_admin_helpers::with_event_counts":
    expects_arg: false
    arg_optional: false
  "src.sentry.templatetags.sentry_helpers::absolute_value":
    expects_arg: false
    arg_optional: false
  "src.sentry.templatetags.sentry_helpers::as_sorted":
    expects_arg: false
    arg_optional: false
  "src.sentry.templatetags.sentry_helpers::as_tag_alias":
    expects_arg: false
    arg_optional: false
  "src.sentry.templatetags.sentry_helpers::basename":
    expects_arg: false
    arg_optional: false
  "src.sentry.templatetags.sentry_helpers::date":
    expects_arg: true
    arg_optional: true
  "src.sentry.templatetags.sentry_helpers::duration":
    expects_arg: false
    arg_optional: false
  "src.sentry.templatetags.sentry_helpers::get_item":
    expects_arg: true
    arg_optional: false
  "src.sentry.templatetags.sentry_helpers::is_url":
    expects_arg: false
    arg_optional: false
  "src.sentry.templatetags.sentry_helpers::multiply":
    expects_arg: true
    arg_optional: false
  "src.sentry.templatetags.sentry_helpers::sanitize_periods":
    expects_arg: false
    arg_optional: false
  "src.sentry.templatetags.sentry_helpers::small_count":
    expects_arg: true
    arg_optional: true
  "src.sentry.templatetags.sentry_helpers::soft_break":
    expects_arg: true
    arg_optional: false
  "src.sentry.templatetags.sentry_helpers::split":
    expects_arg: true
    arg_optional: true
  "src.sentry.templatetags.sentry_helpers::timesince":
    expects_arg: true
    arg_optional: true
  "src.sentry.templatetags.sentry_helpers::titleize":
    expects_arg: false
    arg_optional: false
  "src.sentry.templatetags.sentry_helpers::to_json":
    expects_arg: true
    arg_optional: true
  "src.sentry.templatetags.sentry_helpers::urlquote":
    expects_arg: true
    arg_optional: true
block_specs:
  "src.sentry.templatetags.sentry_assets::script":
    end_tag: endscript
    intermediates: []
    opaque: false
  "src.sentry.templatetags.sentry_features::feature":
    end_tag: endfeature
    intermediates:
      - else
    opaque: false
