---
source: crates/djls-extraction/tests/corpus.rs
expression: snapshot(result)
input_file: crates/djls-corpus/.corpus/packages/wagtail/7.3/wagtail/admin/templatetags/wagtailuserbar.py
---
tag_rules:
  "wagtail.admin.templatetags.wagtailuserbar::wagtailuserbar":
    arg_constraints:
      - Max: 2
    required_keywords: []
    choice_at_constraints: []
    known_options: ~
    extracted_args:
      - name: position
        required: false
        kind: Variable
        position: 0
    supports_as_var: true
filter_arities: {}
block_specs: {}
