---
source: crates/djls-python/tests/corpus.rs
expression: snapshot(result)
input_file: crates/djls-corpus/.corpus/packages/django-simple-history/simple_history/templatetags/getattributes.py
---
tag_rules: {}
filter_arities:
  "simple_history.templatetags.getattributes::filter::getattribute":
    expects_arg: true
    arg_optional: false
block_specs: {}
