---
source: crates/djls-python/tests/corpus.rs
expression: snapshot(result)
input_file: crates/djls-corpus/.corpus/packages/Django/5.2.11/tests/template_tests/templatetags/testtags.py
---
tag_rules: {}
filter_arities:
  "tests.template_tests.templatetags.testtags::filter::upper":
    expects_arg: false
    arg_optional: false
block_specs: {}
