---
source: crates/djls-python/tests/corpus.rs
expression: snapshot(result)
input_file: crates/djls-corpus/.corpus/packages/wagtail-7.3/wagtail/embeds/templatetags/wagtailembeds_tags.py
---
tag_rules:
  "wagtail.embeds.templatetags.wagtailembeds_tags::tag::embed":
    arg_constraints:
      - Min: 2
      - Max: 3
    required_keywords: []
    choice_at_constraints: []
    known_options: ~
    extracted_args:
      - name: url
        required: true
        kind: Variable
        position: 0
      - name: max_width
        required: false
        kind: Variable
        position: 1
    supports_as_var: true
filter_arities: {}
block_specs: {}
