---
source: crates/djls-python/tests/corpus.rs
expression: snapshot(result)
---
tag_rules:
  "geonode.base.templatetags.user_messages::tag::format_senders":
    arg_constraints:
      - Min: 3
      - Max: 3
    required_keywords: []
    choice_at_constraints: []
    known_options: ~
    extracted_args:
      - name: thread
        required: true
        kind: Variable
        position: 0
      - name: current_user
        required: true
        kind: Variable
        position: 1
    as_var: strip
  "geonode.base.templatetags.user_messages::tag::get_item":
    arg_constraints:
      - Min: 3
      - Max: 3
    required_keywords: []
    choice_at_constraints: []
    known_options: ~
    extracted_args:
      - name: dictionary
        required: true
        kind: Variable
        position: 0
      - name: key
        required: true
        kind: Variable
        position: 1
    as_var: strip
  "geonode.base.templatetags.user_messages::tag::is_unread":
    arg_constraints:
      - Min: 3
      - Max: 3
    required_keywords: []
    choice_at_constraints: []
    known_options: ~
    extracted_args:
      - name: thread
        required: true
        kind: Variable
        position: 0
      - name: user
        required: true
        kind: Variable
        position: 1
    as_var: strip
  "geonode.base.templatetags.user_messages::tag::random_uuid":
    arg_constraints:
      - Max: 1
    required_keywords: []
    choice_at_constraints: []
    known_options: ~
    extracted_args: []
    as_var: strip
  "geonode.base.templatetags.user_messages::tag::show_notification":
    arg_constraints:
      - Min: 3
      - Max: 3
    required_keywords: []
    choice_at_constraints: []
    known_options: ~
    extracted_args:
      - name: notice_type_label
        required: true
        kind: Variable
        position: 0
      - name: current_user
        required: true
        kind: Variable
        position: 1
    as_var: strip
filter_arities: {}
block_specs: {}
