---
source: crates/djls-python/tests/corpus.rs
expression: snapshot(result)
input_file: crates/djls-corpus/.corpus/packages/wagtail-7.2/wagtail/contrib/table_block/templatetags/table_block_tags.py
---
tag_rules:
  "wagtail.contrib.table_block.templatetags.table_block_tags::tag::cell_classname":
    arg_constraints:
      - Min: 3
      - Max: 4
    required_keywords: []
    choice_at_constraints: []
    known_options: ~
    extracted_args:
      - name: row_index
        required: true
        kind: Variable
        position: 0
      - name: col_index
        required: true
        kind: Variable
        position: 1
      - name: table_header
        required: false
        kind: Variable
        position: 2
    supports_as_var: true
  "wagtail.contrib.table_block.templatetags.table_block_tags::tag::cell_hidden":
    arg_constraints:
      - Min: 3
      - Max: 4
    required_keywords: []
    choice_at_constraints: []
    known_options: ~
    extracted_args:
      - name: row_index
        required: true
        kind: Variable
        position: 0
      - name: col_index
        required: true
        kind: Variable
        position: 1
      - name: table_header
        required: false
        kind: Variable
        position: 2
    supports_as_var: true
  "wagtail.contrib.table_block.templatetags.table_block_tags::tag::cell_span":
    arg_constraints:
      - Min: 3
      - Max: 4
    required_keywords: []
    choice_at_constraints: []
    known_options: ~
    extracted_args:
      - name: row_index
        required: true
        kind: Variable
        position: 0
      - name: col_index
        required: true
        kind: Variable
        position: 1
      - name: table_header
        required: false
        kind: Variable
        position: 2
    supports_as_var: true
filter_arities: {}
block_specs: {}
