---
source: crates/djls-python/tests/corpus.rs
expression: snapshot(result)
---
tag_rules:
  "babybuddy.templatetags.babybuddy::tag::axes_lockout_message":
    arg_constraints:
      - Max: 1
    required_keywords: []
    choice_at_constraints: []
    known_options: ~
    extracted_args: []
    supports_as_var: true
  "babybuddy.templatetags.babybuddy::tag::confirm_delete_text":
    arg_constraints:
      - Min: 2
      - Max: 2
    required_keywords: []
    choice_at_constraints: []
    known_options: ~
    extracted_args:
      - name: object
        required: true
        kind: Variable
        position: 0
    supports_as_var: true
  "babybuddy.templatetags.babybuddy::tag::confirm_unlock_text":
    arg_constraints:
      - Min: 2
      - Max: 2
    required_keywords: []
    choice_at_constraints: []
    known_options: ~
    extracted_args:
      - name: object
        required: true
        kind: Variable
        position: 0
    supports_as_var: true
  "babybuddy.templatetags.babybuddy::tag::get_child_count":
    arg_constraints:
      - Max: 1
    required_keywords: []
    choice_at_constraints: []
    known_options: ~
    extracted_args: []
    supports_as_var: true
  "babybuddy.templatetags.babybuddy::tag::get_current_locale":
    arg_constraints:
      - Max: 1
    required_keywords: []
    choice_at_constraints: []
    known_options: ~
    extracted_args: []
    supports_as_var: true
  "babybuddy.templatetags.babybuddy::tag::get_current_timezone":
    arg_constraints:
      - Max: 1
    required_keywords: []
    choice_at_constraints: []
    known_options: ~
    extracted_args: []
    supports_as_var: true
  "babybuddy.templatetags.babybuddy::tag::make_absolute_url":
    arg_constraints:
      - Min: 2
      - Max: 2
    required_keywords: []
    choice_at_constraints: []
    known_options: ~
    extracted_args:
      - name: url
        required: true
        kind: Variable
        position: 0
    supports_as_var: true
  "babybuddy.templatetags.babybuddy::tag::relative_url":
    arg_constraints:
      - Min: 3
      - Max: 3
    required_keywords: []
    choice_at_constraints: []
    known_options: ~
    extracted_args:
      - name: field_name
        required: true
        kind: Variable
        position: 0
      - name: value
        required: true
        kind: Variable
        position: 1
    supports_as_var: true
  "babybuddy.templatetags.babybuddy::tag::user_is_locked":
    arg_constraints:
      - Min: 2
      - Max: 2
    required_keywords: []
    choice_at_constraints: []
    known_options: ~
    extracted_args:
      - name: user
        required: true
        kind: Variable
        position: 0
    supports_as_var: true
  "babybuddy.templatetags.babybuddy::tag::user_is_read_only":
    arg_constraints:
      - Min: 2
      - Max: 2
    required_keywords: []
    choice_at_constraints: []
    known_options: ~
    extracted_args:
      - name: user
        required: true
        kind: Variable
        position: 0
    supports_as_var: true
  "babybuddy.templatetags.babybuddy::tag::version_string":
    arg_constraints:
      - Max: 1
    required_keywords: []
    choice_at_constraints: []
    known_options: ~
    extracted_args: []
    supports_as_var: true
filter_arities: {}
block_specs: {}
