---
source: crates/djls-python/tests/corpus.rs
expression: snapshot(result)
---
tag_rules:
  "src.sentry.templatetags.sentry_react::tag::get_react_config":
    arg_constraints:
      - Max: 1
    required_keywords: []
    choice_at_constraints: []
    known_options: ~
    extracted_args: []
    supports_as_var: true
filter_arities: {}
block_specs: {}
