---
source: crates/djls-python/tests/corpus.rs
expression: snapshot(result)
input_file: crates/djls-corpus/.corpus/repos/pretix/src/pretix/control/templatetags/getitem.py
---
tag_rules: {}
filter_arities:
  "src.pretix.control.templatetags.getitem::filter::getitem":
    expects_arg: true
    arg_optional: false
block_specs: {}
