---
source: crates/djls-python/tests/corpus.rs
expression: snapshot(result)
---
tag_rules:
  "src.django_htmx.templatetags.django_htmx::tag::django_htmx_script":
    arg_constraints:
      - Max: 1
    required_keywords: []
    choice_at_constraints: []
    known_options: ~
    extracted_args: []
    supports_as_var: true
  "src.django_htmx.templatetags.django_htmx::tag::htmx_script":
    arg_constraints:
      - Max: 2
    required_keywords: []
    choice_at_constraints: []
    known_options: ~
    extracted_args:
      - name: minified
        required: false
        kind: Variable
        position: 0
    supports_as_var: true
filter_arities: {}
block_specs: {}
