---
source: crates/djls-template-ast/src/parser.rs
expression: ast
---
nodes:
  - Style:
      Element:
        attributes: {}
        children:
          - Style:
              Comment: CSS comment
          - Text: "body "
          - Text: "{"
          - Text: "font-family: sans-serif;"
          - Text: "}"
