---
source: crates/djls-template-ast/src/parser.rs
expression: ast
---
nodes:
  - Block:
      Block:
        tag:
          name: if
          bits:
            - if
            - user.is_authenticated
          span:
            start: 3
            length: 24
          tag_span:
            start: 3
            length: 2
          assignment: ~
        nodes:
          - Text:
              content: Welcome
              span:
                start: 30
                length: 7
        closing:
          Closing:
            tag:
              name: endif
              bits:
                - endif
              span:
                start: 40
                length: 5
              tag_span:
                start: 40
                length: 5
              assignment: ~
line_offsets:
  - 0
