---
source: crates/djls-template-ast/src/parser.rs
expression: ast
---
nodes:
  - Block:
      Block:
        tag:
          name: for
          bits:
            - for
            - item
            - in
            - items
          span:
            start: 3
            length: 17
          tag_span:
            start: 3
            length: 17
          assignment: ~
        nodes:
          - Variable:
              bits:
                - item
                - name
              filters: []
              span:
                start: 26
                length: 9
        closing: ~
        assignments: ~
line_offsets:
  - 0
