---
source: crates/djls-template-ast/src/parser.rs
expression: ast
---
nodes:
  - Block:
      block_type: Standard
      name: for
      bits:
        - for
        - item
        - in
        - items
      children:
        - Variable:
            bits:
              - item
            filters: []
            span:
              start: 26
              length: 4
      span:
        start: 0
        length: 17
      tag_span:
        start: 0
        length: 17
  - Block:
      block_type: Standalone
      name: empty
      bits:
        - empty
      children: ~
      span:
        start: 33
        length: 5
      tag_span:
        start: 33
        length: 5
  - Text:
      content: No items
      span:
        start: 44
        length: 8
  - Block:
      block_type: Standalone
      name: endfor
      bits:
        - endfor
      children: ~
      span:
        start: 52
        length: 6
      tag_span:
        start: 52
        length: 6
line_offsets:
  - 0
errors: []
