---
source: crates/djls-template-ast/src/parser.rs
expression: ast
---
nodes:
  - Block:
      Standard:
        name: for
        bits:
          - for
          - item
          - in
          - items
        children:
          - Variable:
              bits:
                - item
              filters: []
          - Block:
              Branch:
                name: empty
                bits: []
                children:
                  - Text: No items
          - Block:
              Closing:
                name: endfor
                bits: []
errors: []
