---
source: crates/djls-template-ast/src/parser.rs
expression: ast
---
nodes:
  - Text:
      content: "<style type=\"text/css\">"
      span:
        start: 0
        length: 23
  - Text:
      content: "\n    /* Header styles */"
      span:
        start: 23
        length: 24
  - Text:
      content: "\n    .header {"
      span:
        start: 47
        length: 14
  - Text:
      content: "\n        color: blue;"
      span:
        start: 61
        length: 21
  - Text:
      content: "\n    }"
      span:
        start: 82
        length: 6
  - Text:
      content: "\n</style>"
      span:
        start: 88
        length: 9
line_offsets:
  - 0
  - 24
  - 48
  - 62
  - 83
  - 89
errors: []
