---
source: crates/djls-bench/src/check.rs
expression: "CorpusWorkloadSnapshot\n{\n    input: corpus_input_snapshot(corpus), output:\n    checked_workload_snapshot(&db, &files, WorkloadDetail::Corpus, true),\n}"
---
input:
  discovered_file_count: 124
  synchronized_file_count: 124
  total_bytes: 138107
  sorted_records_sha256: ea3cd77a6ea886927c6309d830eff37d6830b5c0a0321f8fa612dae0219d8150
output:
  check_parser_count: 0
  check_validation_count: 121
  check_code_counts:
    S108: 21
    S111: 74
    S120: 26
  per_file_checks_sha256: a2bc58a3d534b88173dbe2d1240810fc89f7ede90c75c77cfad4074e489cf14f
  ide_eligible_file_count: 115
  ide_diagnostic_count: 121
  ide_code_counts:
    S108: 21
    S111: 74
    S120: 26
  normalized_ide_diagnostics_sha256: 3630218fbaee3425ce63878d079c881f43fef682096d6fabb94bf9b086488dbe
  files_with_diagnostics: 34
  diagnostic_bearing_paths_sha256: 6c68aa755a9cb32f0ad8432f81bc2ff14fa7895917790e1209f05202a7b472ce
  rendered:
    item_count: 121
    total_bytes: 35387
    output_sha256: d3b3b98a80852a8c2ea70b297ffde5b1d77f0a1ce0fb5bb3e0388db3271a0cc7
