---
source: crates/djls-templates/src/lexer.rs
expression: snapshot
---
- Text:
    content: "<style type=\"text/css\">"
    line: 1
    start: 0
- Newline:
    line: 1
    start: 23
- Whitespace:
    count: 4
    line: 2
    start: 24
- Text:
    content: /* Header styles */
    line: 2
    start: 28
- Newline:
    line: 2
    start: 47
- Whitespace:
    count: 4
    line: 3
    start: 48
- Text:
    content: ".header {"
    line: 3
    start: 52
- Newline:
    line: 3
    start: 61
- Whitespace:
    count: 8
    line: 4
    start: 62
- Text:
    content: "color: blue;"
    line: 4
    start: 70
- Newline:
    line: 4
    start: 82
- Whitespace:
    count: 4
    line: 5
    start: 83
- Text:
    content: "}"
    line: 5
    start: 87
- Newline:
    line: 5
    start: 88
- Text:
    content: "</style>"
    line: 6
    start: 89
- Eof:
    line: 6
