---
source: crates/djls-templates/src/parser.rs
expression: test_ast
---
nodelist:
  - type: Tag
    name: for
    bits:
      - item
      - in
      - items
    span:
      - 3
      - 17
  - type: Variable
    var: item
    filters: []
    span:
      - 26
      - 4
  - type: Tag
    name: empty
    bits: []
    span:
      - 36
      - 5
  - type: Text
    span:
      - 44
      - 8
  - type: Tag
    name: endfor
    bits: []
    span:
      - 55
      - 6
line_offsets:
  - 0
