---
source: crates/djls-templates/src/lexer.rs
expression: snapshot
---
- Text:
    content: "<!-- HTML comment -->"
    line: 1
    start: 0
- Newline:
    line: 1
    start: 21
- Comment:
    content: Django comment
    line: 2
    start: 25
- Newline:
    line: 2
    start: 42
- Text:
    content: "<script>"
    line: 3
    start: 43
- Newline:
    line: 3
    start: 51
- Whitespace:
    count: 4
    line: 4
    start: 52
- Text:
    content: // JS single line comment
    line: 4
    start: 56
- Newline:
    line: 4
    start: 81
- Whitespace:
    count: 4
    line: 5
    start: 82
- Text:
    content: /* JS multi-line
    line: 5
    start: 86
- Newline:
    line: 5
    start: 102
- Whitespace:
    count: 7
    line: 6
    start: 103
- Text:
    content: comment */
    line: 6
    start: 110
- Newline:
    line: 6
    start: 120
- Text:
    content: "</script>"
    line: 7
    start: 121
- Newline:
    line: 7
    start: 130
- Text:
    content: "<style>"
    line: 8
    start: 131
- Newline:
    line: 8
    start: 138
- Whitespace:
    count: 4
    line: 9
    start: 139
- Text:
    content: /* CSS comment */
    line: 9
    start: 143
- Newline:
    line: 9
    start: 160
- Text:
    content: "</style>"
    line: 10
    start: 161
- Eof:
    line: 10
