---
source: crates/djls-templates/src/lexer.rs
expression: snapshot
---
- Text:
    content: "<script type=\"text/javascript\">"
    line: 1
    start: 0
- Newline:
    line: 1
    start: 31
- Whitespace:
    count: 4
    line: 2
    start: 32
- Text:
    content: // Single line comment
    line: 2
    start: 36
- Newline:
    line: 2
    start: 58
- Whitespace:
    count: 4
    line: 3
    start: 59
- Text:
    content: const x = 1;
    line: 3
    start: 63
- Newline:
    line: 3
    start: 75
- Whitespace:
    count: 4
    line: 4
    start: 76
- Text:
    content: /* Multi-line
    line: 4
    start: 80
- Newline:
    line: 4
    start: 93
- Whitespace:
    count: 7
    line: 5
    start: 94
- Text:
    content: comment */
    line: 5
    start: 101
- Newline:
    line: 5
    start: 111
- Whitespace:
    count: 4
    line: 6
    start: 112
- Text:
    content: console.log(x);
    line: 6
    start: 116
- Newline:
    line: 6
    start: 131
- Text:
    content: "</script>"
    line: 7
    start: 132
- Eof:
    line: 7
