---
source: crates/djls-templates/src/lexer.rs
expression: snapshot
---
- Text:
    content: "<!-- HTML comment -->"
    offset: 0
- Newline:
    offset: 21
- Comment:
    content: Django comment
    offset: 25
- Newline:
    offset: 42
- Text:
    content: "<script>"
    offset: 43
- Newline:
    offset: 51
- Whitespace:
    count: 4
    offset: 52
- Text:
    content: // JS single line comment
    offset: 56
- Newline:
    offset: 81
- Whitespace:
    count: 4
    offset: 82
- Text:
    content: /* JS multi-line
    offset: 86
- Newline:
    offset: 102
- Whitespace:
    count: 7
    offset: 103
- Text:
    content: comment */
    offset: 110
- Newline:
    offset: 120
- Text:
    content: "</script>"
    offset: 121
- Newline:
    offset: 130
- Text:
    content: "<style>"
    offset: 131
- Newline:
    offset: 138
- Whitespace:
    count: 4
    offset: 139
- Text:
    content: /* CSS comment */
    offset: 143
- Newline:
    offset: 160
- Text:
    content: "</style>"
    offset: 161
- Eof
