---
source: crates/djls-templates/src/lexer.rs
expression: snapshot
---
- Text:
    content: "<style type=\"text/css\">"
    offset: 0
- Newline:
    offset: 23
- Whitespace:
    count: 4
    offset: 24
- Text:
    content: /* Header styles */
    offset: 28
- Newline:
    offset: 47
- Whitespace:
    count: 4
    offset: 48
- Text:
    content: ".header {"
    offset: 52
- Newline:
    offset: 61
- Whitespace:
    count: 8
    offset: 62
- Text:
    content: "color: blue;"
    offset: 70
- Newline:
    offset: 82
- Whitespace:
    count: 4
    offset: 83
- Text:
    content: "}"
    offset: 87
- Newline:
    offset: 88
- Text:
    content: "</style>"
    offset: 89
- Eof
