---
source: crates/djls-python/tests/corpus_models.rs
expression: graph
---
models:
  ActionItem:
    name: ActionItem
    module_path: foundation.models
    line: 227
    relations:
      - field_name: meeting
        target_model: Meeting
        relation_type: ForeignKey
        related_name: action_items
    generic_foreign_keys: []
    kind: concrete
  ApprovedCorporateMember:
    name: ApprovedCorporateMember
    module_path: foundation.models
    line: 174
    relations:
      - field_name: approved_at
        target_model: Meeting
        relation_type: ForeignKey
        related_name: corporate_members_approved
    generic_foreign_keys: []
    kind: concrete
  ApprovedGrant:
    name: ApprovedGrant
    module_path: foundation.models
    line: 124
    relations:
      - field_name: approved_at
        target_model: Meeting
        relation_type: ForeignKey
        related_name: grants_approved
    generic_foreign_keys: []
    kind: concrete
  ApprovedIndividualMember:
    name: ApprovedIndividualMember
    module_path: foundation.models
    line: 159
    relations:
      - field_name: approved_at
        target_model: Meeting
        relation_type: ForeignKey
        related_name: individual_members_approved
    generic_foreign_keys: []
    kind: concrete
  BoardMember:
    name: BoardMember
    module_path: foundation.models
    line: 39
    relations:
      - field_name: account
        target_model: AUTH_USER_MODEL
        relation_type: ForeignKey
        related_name: ~
      - field_name: office
        target_model: Office
        relation_type: ForeignKey
        related_name: holders
      - field_name: term
        target_model: Term
        relation_type: ForeignKey
        related_name: board_members
    generic_foreign_keys: []
    kind: concrete
  Business:
    name: Business
    module_path: foundation.models
    line: 189
    relations:
      - field_name: meeting
        target_model: Meeting
        relation_type: ForeignKey
        related_name: business
    generic_foreign_keys: []
    kind: concrete
  CoreAward:
    name: CoreAward
    module_path: foundation.models
    line: 263
    relations:
      - field_name: cohort
        target_model: CoreAwardCohort
        relation_type: ForeignKey
        related_name: recipients
    generic_foreign_keys: []
    kind: concrete
  CoreAwardCohort:
    name: CoreAwardCohort
    module_path: foundation.models
    line: 243
    relations: []
    generic_foreign_keys: []
    kind: concrete
  Meeting:
    name: Meeting
    module_path: foundation.models
    line: 72
    relations:
      - field_name: leader
        target_model: BoardMember
        relation_type: ForeignKey
        related_name: meetings_led
      - field_name: board_attendees
        target_model: BoardMember
        relation_type: ManyToMany
        related_name: meetings_attended
      - field_name: non_board_attendees
        target_model: NonBoardAttendee
        relation_type: ManyToMany
        related_name: meetings_attended
    generic_foreign_keys: []
    kind: concrete
  NonBoardAttendee:
    name: NonBoardAttendee
    module_path: foundation.models
    line: 55
    relations: []
    generic_foreign_keys: []
    kind: concrete
  Office:
    name: Office
    module_path: foundation.models
    line: 15
    relations: []
    generic_foreign_keys: []
    kind: concrete
  Term:
    name: Term
    module_path: foundation.models
    line: 27
    relations: []
    generic_foreign_keys: []
    kind: concrete
