---
source: crates/djls-python/tests/corpus_models.rs
expression: graph
---
models:
  DataImportColumnMap:
    name: DataImportColumnMap
    module_path: src.backend.InvenTree.importer.models
    line: 399
    relations:
      - field_name: session
        target_model: DataImportSession
        relation_type: ForeignKey
        related_name: column_mappings
    is_abstract: false
  DataImportRow:
    name: DataImportRow
    module_path: src.backend.InvenTree.importer.models
    line: 512
    relations:
      - field_name: session
        target_model: DataImportSession
        relation_type: ForeignKey
        related_name: rows
    is_abstract: false
  DataImportSession:
    name: DataImportSession
    module_path: src.backend.InvenTree.importer.models
    line: 28
    relations:
      - field_name: user
        target_model: User
        relation_type: ForeignKey
        related_name: ~
    is_abstract: false
