---
source: crates/djls-python/tests/corpus_models.rs
expression: graph
---
models:
  DiscoverSavedQuery:
    name: DiscoverSavedQuery
    module_path: src.sentry.discover.models
    line: 81
    relations:
      - field_name: projects
        relation_type: ManyToMany
        target_model: Project
        related_name: ~
    kind: concrete
  DiscoverSavedQueryProject:
    name: DiscoverSavedQueryProject
    module_path: src.sentry.discover.models
    line: 68
    relations: []
    kind: concrete
  TeamKeyTransaction:
    name: TeamKeyTransaction
    module_path: src.sentry.discover.models
    line: 197
    relations: []
    kind: concrete
