---
source: crates/djls-python/tests/corpus_models.rs
expression: graph
---
models:
  Build:
    name: Build
    module_path: readthedocs.builds.models
    line: 632
    relations:
      - field_name: project
        target_model: Project
        relation_type: ForeignKey
        related_name: builds
      - field_name: version
        target_model: Version
        relation_type: ForeignKey
        related_name: builds
      - field_name: readthedocs_yaml_config
        target_model: BuildConfig
        relation_type: ForeignKey
        related_name: builds
    is_abstract: false
  BuildCommandResult:
    name: BuildCommandResult
    module_path: readthedocs.builds.models
    line: 1069
    relations:
      - field_name: build
        target_model: Build
        relation_type: ForeignKey
        related_name: commands
    is_abstract: false
