---
source: crates/djls-python/tests/corpus_models.rs
expression: graph
---
models:
  FlatPage:
    name: FlatPage
    module_path: django.contrib.flatpages.models
    line: 8
    relations:
      - field_name: sites
        target_model: Site
        relation_type: ManyToMany
        related_name: ~
    is_abstract: false
