---
source: crates/djls-python/tests/corpus_models.rs
expression: graph
---
models:
  ApiCall:
    name: ApiCall
    module_path: src.pretix.api.models
    line: 168
    relations: []
    generic_foreign_keys: []
    kind: concrete
  WebHook:
    name: WebHook
    module_path: src.pretix.api.models
    line: 114
    relations:
      - field_name: organizer
        target_model: Organizer
        relation_type: ForeignKey
        related_name: webhooks
      - field_name: limit_events
        target_model: Event
        relation_type: ManyToMany
        related_name: ~
    generic_foreign_keys: []
    kind: concrete
  WebHookCall:
    name: WebHookCall
    module_path: src.pretix.api.models
    line: 140
    relations:
      - field_name: webhook
        target_model: WebHook
        relation_type: ForeignKey
        related_name: calls
    generic_foreign_keys: []
    kind: concrete
  WebHookCallRetry:
    name: WebHookCallRetry
    module_path: src.pretix.api.models
    line: 156
    relations:
      - field_name: webhook
        target_model: WebHook
        relation_type: ForeignKey
        related_name: retries
      - field_name: logentry
        target_model: LogEntry
        relation_type: ForeignKey
        related_name: webhook_retries
    generic_foreign_keys: []
    kind: concrete
  WebHookEventListener:
    name: WebHookEventListener
    module_path: src.pretix.api.models
    line: 132
    relations:
      - field_name: webhook
        target_model: WebHook
        relation_type: ForeignKey
        related_name: listeners
    generic_foreign_keys: []
    kind: concrete
