---
source: crates/djls-python/tests/corpus_models.rs
expression: graph
---
models:
  AnonymousSubscription:
    name: AnonymousSubscription
    module_path: emaildigest.models
    line: 39
    relations:
      - field_name: logged_in_user
        relation_type: ForeignKey
        target_model: CustomUser
        related_name: ~
    kind: concrete
  EmailDigest:
    name: EmailDigest
    module_path: emaildigest.models
    line: 4
    relations:
      - field_name: stories
        relation_type: ManyToMany
        target_model: Story
        related_name: ~
    kind: concrete
  Subscription:
    name: Subscription
    module_path: emaildigest.models
    line: 19
    relations: []
    kind: concrete
  UnSubscription:
    name: UnSubscription
    module_path: emaildigest.models
    line: 47
    relations:
      - field_name: subscription
        relation_type: ForeignKey
        target_model: Subscription
        related_name: ~
      - field_name: from_digest
        relation_type: ForeignKey
        target_model: EmailDigest
        related_name: ~
    kind: concrete
  UserSubscription:
    name: UserSubscription
    module_path: emaildigest.models
    line: 35
    relations:
      - field_name: user
        relation_type: ForeignKey
        target_model: CustomUser
        related_name: ~
    kind: concrete
