---
source: crates/djls-python/tests/corpus_models.rs
expression: graph
---
models:
  SparseField:
    name: SparseField
    module_path: geonode.metadata.models
    line: 26
    relations:
      - field_name: resource
        target_model: ResourceBase
        relation_type: ForeignKey
        related_name: ~
    is_abstract: false
