---
source: crates/djls-python/tests/corpus_models.rs
expression: graph
---
models:
  Favorite:
    name: Favorite
    module_path: geonode.favorite.models
    line: 95
    relations:
      - field_name: user
        target_model: AUTH_USER_MODEL
        relation_type: ForeignKey
        related_name: ~
      - field_name: content_type
        target_model: ContentType
        relation_type: ForeignKey
        related_name: ~
    generic_foreign_keys:
      - field_name: content_object
        ct_field: content_type
        fk_field: object_id
    is_abstract: false
