---
source: crates/djls-python/tests/corpus_models.rs
expression: graph
---
models:
  AbstractSetting:
    name: AbstractSetting
    module_path: wagtail.contrib.settings.models
    line: 17
    relations: []
    kind: abstract
  BaseGenericSetting:
    name: BaseGenericSetting
    module_path: wagtail.contrib.settings.models
    line: 158
    relations: []
    kind: abstract
  BaseSiteSetting:
    name: BaseSiteSetting
    module_path: wagtail.contrib.settings.models
    line: 106
    relations:
      - field_name: site
        relation_type: OneToOne
        target_model: Site
        related_name: ~
    kind: abstract
