---
source: crates/djls-python/tests/corpus_models.rs
expression: graph
---
models:
  BaseModelWithStateMachine:
    name: BaseModelWithStateMachine
    module_path: archivebox.workers.models
    line: 28
    relations: []
    generic_foreign_keys: []
    is_abstract: true
  ModelWithStateMachine:
    name: ModelWithStateMachine
    module_path: archivebox.workers.models
    line: 311
    relations: []
    generic_foreign_keys: []
    is_abstract: true
